Archive member included to satisfy reference by file (symbol)

/Applications/STM32CubeIDE.app/Contents/Eclipse/plugins/com.st.stm32cube.ide.mcu.externaltools.gnu-tools-for-stm32.11.3.rel1.macos64_1.1.100.202310310803/tools/bin/../lib/gcc/arm-none-eabi/11.3.1/../../../../arm-none-eabi/lib/thumb/v7e-m+fp/hard/libc_nano.a(libc_a-exit.o)
                              /Applications/STM32CubeIDE.app/Contents/Eclipse/plugins/com.st.stm32cube.ide.mcu.externaltools.gnu-tools-for-stm32.11.3.rel1.macos64_1.1.100.202310310803/tools/bin/../lib/gcc/arm-none-eabi/11.3.1/../../../../arm-none-eabi/lib/thumb/v7e-m+fp/hard/crt0.o (exit)
/Applications/STM32CubeIDE.app/Contents/Eclipse/plugins/com.st.stm32cube.ide.mcu.externaltools.gnu-tools-for-stm32.11.3.rel1.macos64_1.1.100.202310310803/tools/bin/../lib/gcc/arm-none-eabi/11.3.1/../../../../arm-none-eabi/lib/thumb/v7e-m+fp/hard/libc_nano.a(libc_a-nano-vfprintf_float.o)
                              (_printf_float)
/Applications/STM32CubeIDE.app/Contents/Eclipse/plugins/com.st.stm32cube.ide.mcu.externaltools.gnu-tools-for-stm32.11.3.rel1.macos64_1.1.100.202310310803/tools/bin/../lib/gcc/arm-none-eabi/11.3.1/../../../../arm-none-eabi/lib/thumb/v7e-m+fp/hard/libc_nano.a(libc_a-nano-vfprintf_i.o)
                              /Applications/STM32CubeIDE.app/Contents/Eclipse/plugins/com.st.stm32cube.ide.mcu.externaltools.gnu-tools-for-stm32.11.3.rel1.macos64_1.1.100.202310310803/tools/bin/../lib/gcc/arm-none-eabi/11.3.1/../../../../arm-none-eabi/lib/thumb/v7e-m+fp/hard/libc_nano.a(libc_a-nano-vfprintf_float.o) (_printf_common)
/Applications/STM32CubeIDE.app/Contents/Eclipse/plugins/com.st.stm32cube.ide.mcu.externaltools.gnu-tools-for-stm32.11.3.rel1.macos64_1.1.100.202310310803/tools/bin/../lib/gcc/arm-none-eabi/11.3.1/../../../../arm-none-eabi/lib/thumb/v7e-m+fp/hard/libc_nano.a(libc_a-snprintf.o)
                              ./Core/Src/hw/hw_1/printf.o (snprintf)
/Applications/STM32CubeIDE.app/Contents/Eclipse/plugins/com.st.stm32cube.ide.mcu.externaltools.gnu-tools-for-stm32.11.3.rel1.macos64_1.1.100.202310310803/tools/bin/../lib/gcc/arm-none-eabi/11.3.1/../../../../arm-none-eabi/lib/thumb/v7e-m+fp/hard/libc_nano.a(libc_a-findfp.o)
                              /Applications/STM32CubeIDE.app/Contents/Eclipse/plugins/com.st.stm32cube.ide.mcu.externaltools.gnu-tools-for-stm32.11.3.rel1.macos64_1.1.100.202310310803/tools/bin/../lib/gcc/arm-none-eabi/11.3.1/../../../../arm-none-eabi/lib/thumb/v7e-m+fp/hard/libc_nano.a(libc_a-exit.o) (__stdio_exit_handler)
/Applications/STM32CubeIDE.app/Contents/Eclipse/plugins/com.st.stm32cube.ide.mcu.externaltools.gnu-tools-for-stm32.11.3.rel1.macos64_1.1.100.202310310803/tools/bin/../lib/gcc/arm-none-eabi/11.3.1/../../../../arm-none-eabi/lib/thumb/v7e-m+fp/hard/libc_nano.a(libc_a-fwalk.o)
                              /Applications/STM32CubeIDE.app/Contents/Eclipse/plugins/com.st.stm32cube.ide.mcu.externaltools.gnu-tools-for-stm32.11.3.rel1.macos64_1.1.100.202310310803/tools/bin/../lib/gcc/arm-none-eabi/11.3.1/../../../../arm-none-eabi/lib/thumb/v7e-m+fp/hard/libc_nano.a(libc_a-findfp.o) (_fwalk_sglue)
/Applications/STM32CubeIDE.app/Contents/Eclipse/plugins/com.st.stm32cube.ide.mcu.externaltools.gnu-tools-for-stm32.11.3.rel1.macos64_1.1.100.202310310803/tools/bin/../lib/gcc/arm-none-eabi/11.3.1/../../../../arm-none-eabi/lib/thumb/v7e-m+fp/hard/libc_nano.a(libc_a-vsprintf.o)
                              ./Core/Src/hw/hw_1/printf.o (vsprintf)
/Applications/STM32CubeIDE.app/Contents/Eclipse/plugins/com.st.stm32cube.ide.mcu.externaltools.gnu-tools-for-stm32.11.3.rel1.macos64_1.1.100.202310310803/tools/bin/../lib/gcc/arm-none-eabi/11.3.1/../../../../arm-none-eabi/lib/thumb/v7e-m+fp/hard/libc_nano.a(libc_a-putchar.o)
                              ./Core/Src/activities/activity8.o (putchar)
/Applications/STM32CubeIDE.app/Contents/Eclipse/plugins/com.st.stm32cube.ide.mcu.externaltools.gnu-tools-for-stm32.11.3.rel1.macos64_1.1.100.202310310803/tools/bin/../lib/gcc/arm-none-eabi/11.3.1/../../../../arm-none-eabi/lib/thumb/v7e-m+fp/hard/libc_nano.a(libc_a-puts.o)
                              ./Core/Src/activities/activity8.o (puts)
/Applications/STM32CubeIDE.app/Contents/Eclipse/plugins/com.st.stm32cube.ide.mcu.externaltools.gnu-tools-for-stm32.11.3.rel1.macos64_1.1.100.202310310803/tools/bin/../lib/gcc/arm-none-eabi/11.3.1/../../../../arm-none-eabi/lib/thumb/v7e-m+fp/hard/libc_nano.a(libc_a-scanf.o)
                              ./Core/Src/examples/hello_world.o (scanf)
/Applications/STM32CubeIDE.app/Contents/Eclipse/plugins/com.st.stm32cube.ide.mcu.externaltools.gnu-tools-for-stm32.11.3.rel1.macos64_1.1.100.202310310803/tools/bin/../lib/gcc/arm-none-eabi/11.3.1/../../../../arm-none-eabi/lib/thumb/v7e-m+fp/hard/libc_nano.a(libc_a-strncpy.o)
                              ./Core/Src/project/midi.o (strncpy)
[...]
Memory Configuration

Name             Origin             Length             Attributes
RAM              0x0000000020000000 0x0000000000018000 xrw
RAM2             0x0000000010000000 0x0000000000008000 xrw
FLASH            0x0000000008000000 0x0000000000100000 xr
*default*        0x0000000000000000 0xffffffffffffffff

Linker script and memory map

LOAD /Applications/STM32CubeIDE.app/Contents/Eclipse/plugins/com.st.stm32cube.ide.mcu.externaltools.gnu-tools-for-stm32.11.3.rel1.macos64_1.1.100.202310310803/tools/bin/../lib/gcc/arm-none-eabi/11.3.1/thumb/v7e-m+fp/hard/crti.o
LOAD /Applications/STM32CubeIDE.app/Contents/Eclipse/plugins/com.st.stm32cube.ide.mcu.externaltools.gnu-tools-for-stm32.11.3.rel1.macos64_1.1.100.202310310803/tools/bin/../lib/gcc/arm-none-eabi/11.3.1/thumb/v7e-m+fp/hard/crtbegin.o
LOAD /Applications/STM32CubeIDE.app/Contents/Eclipse/plugins/com.st.stm32cube.ide.mcu.externaltools.gnu-tools-for-stm32.11.3.rel1.macos64_1.1.100.202310310803/tools/bin/../lib/gcc/arm-none-eabi/11.3.1/../../../../arm-none-eabi/lib/thumb/v7e-m+fp/hard/crt0.o
LOAD ./Core/Src/activities/activity10.o
LOAD ./Core/Src/activities/activity11.o
LOAD ./Core/Src/activities/activity12.o
LOAD ./Core/Src/activities/activity8.o
LOAD ./Core/Src/activities/activity_noise.o
LOAD ./Core/Src/activities/activity_wave.o
LOAD ./Core/Src/demos/adc_dac_demo.o
LOAD ./Core/Src/demos/demo.o
LOAD ./Core/Src/devices/GPIO.o
LOAD ./Core/Src/devices/LED.o
LOAD ./Core/Src/devices/UART.o
LOAD ./Core/Src/devices/adc.o
LOAD ./Core/Src/devices/dac.o
LOAD ./Core/Src/examples/hello_world.o
LOAD ./Core/Src/examples/midi_header.o
LOAD ./Core/Src/examples/timer.o
LOAD ./Core/Src/hw/hw_1/printf.o
LOAD ./Core/Src/hw/hw_3/midi_converter_display.o
LOAD ./Core/Src/hw/hw_3/uint16_converter.o
LOAD ./Core/Src/hw/hw_3/uint24_converter.o
LOAD ./Core/Src/hw/hw_3/uint32_converter.o
LOAD ./Core/Src/hw/hw_5/hw5.o
LOAD ./Core/Src/hw/hw_6/hw6.o
LOAD ./Core/Src/hw/hw_8/hw8.o
LOAD ./Core/Src/main.o
LOAD ./Core/Src/project/handle_functions.o
LOAD ./Core/Src/project/manual.o
LOAD ./Core/Src/project/midi.o
LOAD ./Core/Src/project/project.o
LOAD ./Core/Src/project/read_track.o
LOAD ./Core/Src/project/song.o
LOAD ./Core/Src/project/tone.o
LOAD ./Core/Src/project/uint_converters.o
LOAD ./Core/Src/system/SysClock.o
LOAD ./Core/Src/system/error_handler.o
LOAD ./Core/Src/system/stm32l4xx_hal_msp.o
LOAD ./Core/Src/system/stm32l4xx_it.o
LOAD ./Core/Src/system/syscalls.o
LOAD ./Core/Src/system/sysmem.o
LOAD ./Core/Src/system/system_stm32l4xx.o
LOAD ./Core/Src/system/systick.o
LOAD ./Core/Startup/startup_stm32l476rgtx.o
LOAD ./Drivers/STM32L4xx_HAL_Driver/Src/stm32l4xx_hal.o
LOAD ./Drivers/STM32L4xx_HAL_Driver/Src/stm32l4xx_hal_adc.o
LOAD ./Drivers/STM32L4xx_HAL_Driver/Src/stm32l4xx_hal_adc_ex.o
LOAD ./Drivers/STM32L4xx_HAL_Driver/Src/stm32l4xx_hal_cortex.o
LOAD ./Drivers/STM32L4xx_HAL_Driver/Src/stm32l4xx_hal_dac.o
LOAD ./Drivers/STM32L4xx_HAL_Driver/Src/stm32l4xx_hal_dac_ex.o
LOAD ./Drivers/STM32L4xx_HAL_Driver/Src/stm32l4xx_hal_dma.o
LOAD ./Drivers/STM32L4xx_HAL_Driver/Src/stm32l4xx_hal_dma_ex.o
LOAD ./Drivers/STM32L4xx_HAL_Driver/Src/stm32l4xx_hal_exti.o
LOAD ./Drivers/STM32L4xx_HAL_Driver/Src/stm32l4xx_hal_flash.o
LOAD ./Drivers/STM32L4xx_HAL_Driver/Src/stm32l4xx_hal_flash_ex.o
LOAD ./Drivers/STM32L4xx_HAL_Driver/Src/stm32l4xx_hal_flash_ramfunc.o
LOAD ./Drivers/STM32L4xx_HAL_Driver/Src/stm32l4xx_hal_gpio.o
LOAD ./Drivers/STM32L4xx_HAL_Driver/Src/stm32l4xx_hal_i2c.o
LOAD ./Drivers/STM32L4xx_HAL_Driver/Src/stm32l4xx_hal_i2c_ex.o
LOAD ./Drivers/STM32L4xx_HAL_Driver/Src/stm32l4xx_hal_pwr.o
LOAD ./Drivers/STM32L4xx_HAL_Driver/Src/stm32l4xx_hal_pwr_ex.o
LOAD ./Drivers/STM32L4xx_HAL_Driver/Src/stm32l4xx_hal_rcc.o
LOAD ./Drivers/STM32L4xx_HAL_Driver/Src/stm32l4xx_hal_rcc_ex.o
LOAD ./Drivers/STM32L4xx_HAL_Driver/Src/stm32l4xx_hal_tim.o
LOAD ./Drivers/STM32L4xx_HAL_Driver/Src/stm32l4xx_hal_tim_ex.o
LOAD ./Drivers/STM32L4xx_HAL_Driver/Src/stm32l4xx_hal_uart.o
LOAD ./Drivers/STM32L4xx_HAL_Driver/Src/stm32l4xx_hal_uart_ex.o
START GROUP
LOAD /Applications/STM32CubeIDE.app/Contents/Eclipse/plugins/com.st.stm32cube.ide.mcu.externaltools.gnu-tools-for-stm32.11.3.rel1.macos64_1.1.100.202310310803/tools/bin/../lib/gcc/arm-none-eabi/11.3.1/../../../../arm-none-eabi/lib/thumb/v7e-m+fp/hard/libc_nano.a
LOAD /Applications/STM32CubeIDE.app/Contents/Eclipse/plugins/com.st.stm32cube.ide.mcu.externaltools.gnu-tools-for-stm32.11.3.rel1.macos64_1.1.100.202310310803/tools/bin/../lib/gcc/arm-none-eabi/11.3.1/../../../../arm-none-eabi/lib/thumb/v7e-m+fp/hard/libm.a
END GROUP
START GROUP
LOAD /Applications/STM32CubeIDE.app/Contents/Eclipse/plugins/com.st.stm32cube.ide.mcu.externaltools.gnu-tools-for-stm32.11.3.rel1.macos64_1.1.100.202310310803/tools/bin/../lib/gcc/arm-none-eabi/11.3.1/thumb/v7e-m+fp/hard/libgcc.a
LOAD /Applications/STM32CubeIDE.app/Contents/Eclipse/plugins/com.st.stm32cube.ide.mcu.externaltools.gnu-tools-for-stm32.11.3.rel1.macos64_1.1.100.202310310803/tools/bin/../lib/gcc/arm-none-eabi/11.3.1/../../../../arm-none-eabi/lib/thumb/v7e-m+fp/hard/libc_nano.a
END GROUP
START GROUP
LOAD /Applications/STM32CubeIDE.app/Contents/Eclipse/plugins/com.st.stm32cube.ide.mcu.externaltools.gnu-tools-for-stm32.11.3.rel1.macos64_1.1.100.202310310803/tools/bin/../lib/gcc/arm-none-eabi/11.3.1/thumb/v7e-m+fp/hard/libgcc.a
LOAD /Applications/STM32CubeIDE.app/Contents/Eclipse/plugins/com.st.stm32cube.ide.mcu.externaltools.gnu-tools-for-stm32.11.3.rel1.macos64_1.1.100.202310310803/tools/bin/../lib/gcc/arm-none-eabi/11.3.1/../../../../arm-none-eabi/lib/thumb/v7e-m+fp/hard/libc_nano.a
LOAD /Applications/STM32CubeIDE.app/Contents/Eclipse/plugins/com.st.stm32cube.ide.mcu.externaltools.gnu-tools-for-stm32.11.3.rel1.macos64_1.1.100.202310310803/tools/bin/../lib/gcc/arm-none-eabi/11.3.1/../../../../arm-none-eabi/lib/thumb/v7e-m+fp/hard/libnosys.a
END GROUP
START GROUP
LOAD /Applications/STM32CubeIDE.app/Contents/Eclipse/plugins/com.st.stm32cube.ide.mcu.externaltools.gnu-tools-for-stm32.11.3.rel1.macos64_1.1.100.202310310803/tools/bin/../lib/gcc/arm-none-eabi/11.3.1/thumb/v7e-m+fp/hard/libgcc.a
LOAD /Applications/STM32CubeIDE.app/Contents/Eclipse/plugins/com.st.stm32cube.ide.mcu.externaltools.gnu-tools-for-stm32.11.3.rel1.macos64_1.1.100.202310310803/tools/bin/../lib/gcc/arm-none-eabi/11.3.1/../../../../arm-none-eabi/lib/thumb/v7e-m+fp/hard/libc_nano.a
LOAD /Applications/STM32CubeIDE.app/Contents/Eclipse/plugins/com.st.stm32cube.ide.mcu.externaltools.gnu-tools-for-stm32.11.3.rel1.macos64_1.1.100.202310310803/tools/bin/../lib/gcc/arm-none-eabi/11.3.1/../../../../arm-none-eabi/lib/thumb/v7e-m+fp/hard/libnosys.a
END GROUP
LOAD /Applications/STM32CubeIDE.app/Contents/Eclipse/plugins/com.st.stm32cube.ide.mcu.externaltools.gnu-tools-for-stm32.11.3.rel1.macos64_1.1.100.202310310803/tools/bin/../lib/gcc/arm-none-eabi/11.3.1/thumb/v7e-m+fp/hard/crtend.o
LOAD /Applications/STM32CubeIDE.app/Contents/Eclipse/plugins/com.st.stm32cube.ide.mcu.externaltools.gnu-tools-for-stm32.11.3.rel1.macos64_1.1.100.202310310803/tools/bin/../lib/gcc/arm-none-eabi/11.3.1/thumb/v7e-m+fp/hard/crtn.o
                0x0000000020018000                _estack = (ORIGIN (RAM) + LENGTH (RAM))
                0x0000000000000200                _Min_Heap_Size = 0x200
                0x0000000000000400                _Min_Stack_Size = 0x400

.isr_vector     0x0000000008000000      0x188
                0x0000000008000000                . = ALIGN (0x4)
 *(.isr_vector)
 .isr_vector    0x0000000008000000      0x188 ./Core/Startup/startup_stm32l476rgtx.o
                0x0000000008000000                g_pfnVectors
                0x0000000008000188                . = ALIGN (0x4)

.text           0x0000000008000190     0x58e0
                0x0000000008000190                . = ALIGN (0x4)
 *(.text)
 .text          0x0000000008000190       0x40 /Applications/STM32CubeIDE.app/Contents/Eclipse/plugins/com.st.stm32cube.ide.mcu.externaltools.gnu-tools-for-stm32.11.3.rel1.macos64_1.1.100.202310310803/tools/bin/../lib/gcc/arm-none-eabi/11.3.1/thumb/v7e-m+fp/hard/crtbegin.o
 .text          0x00000000080001d0       0xa0 /Applications/STM32CubeIDE.app/Contents/Eclipse/plugins/com.st.stm32cube.ide.mcu.externaltools.gnu-tools-for-stm32.11.3.rel1.macos64_1.1.100.202310310803/tools/bin/../lib/gcc/arm-none-eabi/11.3.1/../../../../arm-none-eabi/lib/thumb/v7e-m+fp/hard/libc_nano.a(libc_a-memchr.o)
                0x00000000080001d0                memchr
 .text          0x0000000008000270       0x10 /Applications/STM32CubeIDE.app/Contents/Eclipse/plugins/com.st.stm32cube.ide.mcu.externaltools.gnu-tools-for-stm32.11.3.rel1.macos64_1.1.100.202310310803/tools/bin/../lib/gcc/arm-none-eabi/11.3.1/../../../../arm-none-eabi/lib/thumb/v7e-m+fp/hard/libc_nano.a(libc_a-strlen.o)
                0x0000000008000270                strlen
 .text          0x0000000008000280       0x14 /Applications/STM32CubeIDE.app/Contents/Eclipse/plugins/com.st.stm32cube.ide.mcu.externaltools.gnu-tools-for-stm32.11.3.rel1.macos64_1.1.100.202310310803/tools/bin/../lib/gcc/arm-none-eabi/11.3.1/../../../../arm-none-eabi/lib/thumb/v7e-m+fp/hard/libc_nano.a(libc_a-strcmp.o)
                0x0000000008000280                strcmp
 .text          0x0000000008000294      0x378 /Applications/STM32CubeIDE.app/Contents/Eclipse/plugins/com.st.stm32cube.ide.mcu.externaltools.gnu-tools-for-stm32.11.3.rel1.macos64_1.1.100.202310310803/tools/bin/../lib/gcc/arm-none-eabi/11.3.1/thumb/v7e-m+fp/hard/libgcc.a(_arm_addsubdf3.o)
                0x0000000008000294                __aeabi_drsub
                0x000000000800029c                __subdf3
                0x000000000800029c                __aeabi_dsub
                0x00000000080002a0                __aeabi_dadd
                0x00000000080002a0                __adddf3
                0x0000000008000518                __aeabi_ui2d
                0x0000000008000518                __floatunsidf
                0x0000000008000538                __floatsidf
                0x0000000008000538                __aeabi_i2d
                0x000000000800055c                __extendsfdf2
                0x000000000800055c                __aeabi_f2d
                0x00000000080005a0                __aeabi_ul2d
                0x00000000080005a0                __floatundidf
                0x00000000080005b0                __aeabi_l2d
                0x00000000080005b0                __floatdidf
 .text          0x000000000800060c      0x424 /Applications/STM32CubeIDE.app/Contents/Eclipse/plugins/com.st.stm32cube.ide.mcu.externaltools.gnu-tools-for-stm32.11.3.rel1.macos64_1.1.100.202310310803/tools/bin/../lib/gcc/arm-none-eabi/11.3.1/thumb/v7e-m+fp/hard/libgcc.a(_arm_muldivdf3.o)
                0x000000000800060c                __aeabi_dmul
                0x000000000800060c                __muldf3
                0x0000000008000860                __aeabi_ddiv
                0x0000000008000860                __divdf3
 .text          0x0000000008000a30      0x110 /Applications/STM32CubeIDE.app/Contents/Eclipse/plugins/com.st.stm32cube.ide.mcu.externaltools.gnu-tools-for-stm32.11.3.rel1.macos64_1.1.100.202310310803/tools/bin/../lib/gcc/arm-none-eabi/11.3.1/thumb/v7e-m+fp/hard/libgcc.a(_arm_cmpdf2.o)
                0x0000000008000a30                __gedf2
                0x0000000008000a30                __gtdf2
                0x0000000008000a38                __ledf2
                0x0000000008000a38                __ltdf2
                0x0000000008000a40                __cmpdf2
                0x0000000008000a40                __eqdf2
                0x0000000008000a40                __nedf2
                0x0000000008000abc                __aeabi_cdrcmple
                0x0000000008000acc                __aeabi_cdcmple
                0x0000000008000acc                __aeabi_cdcmpeq
                0x0000000008000adc                __aeabi_dcmpeq
                0x0000000008000af0                __aeabi_dcmplt
                0x0000000008000b04                __aeabi_dcmple
                0x0000000008000b18                __aeabi_dcmpge
                0x0000000008000b2c                __aeabi_dcmpgt
 .text          0x0000000008000b40       0x2c /Applications/STM32CubeIDE.app/Contents/Eclipse/plugins/com.st.stm32cube.ide.mcu.externaltools.gnu-tools-for-stm32.11.3.rel1.macos64_1.1.100.202310310803/tools/bin/../lib/gcc/arm-none-eabi/11.3.1/thumb/v7e-m+fp/hard/libgcc.a(_arm_unorddf2.o)
                0x0000000008000b40                __aeabi_dcmpun
                0x0000000008000b40                __unorddf2
 .text          0x0000000008000b6c       0x50 /Applications/STM32CubeIDE.app/Contents/Eclipse/plugins/com.st.stm32cube.ide.mcu.externaltools.gnu-tools-for-stm32.11.3.rel1.macos64_1.1.100.202310310803/tools/bin/../lib/gcc/arm-none-eabi/11.3.1/thumb/v7e-m+fp/hard/libgcc.a(_arm_fixdfsi.o)
                0x0000000008000b6c                __fixdfsi
                0x0000000008000b6c                __aeabi_d2iz
 .text          0x0000000008000bbc       0xa0 /Applications/STM32CubeIDE.app/Contents/Eclipse/plugins/com.st.stm32cube.ide.mcu.externaltools.gnu-tools-for-stm32.11.3.rel1.macos64_1.1.100.202310310803/tools/bin/../lib/gcc/arm-none-eabi/11.3.1/thumb/v7e-m+fp/hard/libgcc.a(_arm_truncdfsf2.o)
                0x0000000008000bbc                __aeabi_d2f
                0x0000000008000bbc                __truncdfsf2
 *(.text*)
 .text.__NVIC_EnableIRQ
                0x0000000008000c5c       0x3c ./Core/Src/devices/GPIO.o
 .text.GPIO_Init
                0x0000000008000c98       0xcc ./Core/Src/devices/GPIO.o
                0x0000000008000c98                GPIO_Init
 .text.EXTI15_10_IRQHandler
                0x0000000008000d64       0x48 ./Core/Src/devices/GPIO.o
                0x0000000008000d64                EXTI15_10_IRQHandler
 .text.get_toggle
                0x0000000008000dac       0x18 ./Core/Src/devices/GPIO.o
                0x0000000008000dac                get_toggle
 .text.get_flag
                0x0000000008000dc4       0x18 ./Core/Src/devices/GPIO.o
                0x0000000008000dc4                get_flag
 .text.set_flag
                0x0000000008000ddc       0x20 ./Core/Src/devices/GPIO.o
                0x0000000008000ddc                set_flag
 .text.EXTI9_5_IRQHandler
                0x0000000008000dfc       0x10 ./Core/Src/devices/GPIO.o
                0x0000000008000dfc                EXTI9_5_IRQHandler
 .text.HAL_GPIO_EXTI_Callback
                0x0000000008000e0c       0x8c ./Core/Src/devices/GPIO.o
                0x0000000008000e0c                HAL_GPIO_EXTI_Callback
 .text.LED_Init
                0x0000000008000e98       0xbc ./Core/Src/devices/LED.o
                0x0000000008000e98                LED_Init
 .text.LED_On   0x0000000008000f54       0x2a ./Core/Src/devices/LED.o
                0x0000000008000f54                LED_On
 .text.LED_Off  0x0000000008000f7e       0x2c ./Core/Src/devices/LED.o
                0x0000000008000f7e                LED_Off
 .text.LED_Toggle
                0x0000000008000faa       0x2a ./Core/Src/devices/LED.o
                0x0000000008000faa                LED_Toggle
 .text.UART2_Init
                0x0000000008000fd4       0x48 ./Core/Src/devices/UART.o
                0x0000000008000fd4                UART2_Init
 .text.UART2_GPIO_Init
                0x000000000800101c       0x90 ./Core/Src/devices/UART.o
                0x000000000800101c                UART2_GPIO_Init
 .text.USART_Init
                0x00000000080010ac      0x10c ./Core/Src/devices/UART.o
                0x00000000080010ac                USART_Init
 .text.USART_Write
                0x00000000080011b8       0x66 ./Core/Src/devices/UART.o
                0x00000000080011b8                USART_Write
 *fill*         0x000000000800121e        0x2 
 .text.USART_Delay
                0x0000000008001220       0x40 ./Core/Src/devices/UART.o
                0x0000000008001220                USART_Delay
 .text.USART_Read_Nonblocking
                0x0000000008001260       0x2c ./Core/Src/devices/UART.o
                0x0000000008001260                USART_Read_Nonblocking
 .text.HAL_DAC_MspInit
                0x000000000800128c       0x7c ./Core/Src/devices/dac.o
                0x000000000800128c                HAL_DAC_MspInit
 .text.DAC_Init
                0x0000000008001308       0x64 ./Core/Src/devices/dac.o
                0x0000000008001308                DAC_Init
 .text.DAC_Start
                0x000000000800136c       0x14 ./Core/Src/devices/dac.o
                0x000000000800136c                DAC_Start
 .text.DAC_Set_Value
                0x0000000008001380       0x20 ./Core/Src/devices/dac.o
                0x0000000008001380                DAC_Set_Value
 .text.printf   0x00000000080013a0       0x3c ./Core/Src/hw/hw_1/printf.o
                0x00000000080013a0                printf
 .text.USART2_IRQHandler
                0x00000000080013dc       0x4c ./Core/Src/hw/hw_6/hw6.o
                0x00000000080013dc                USART2_IRQHandler
 .text.main     0x0000000008001428       0x1c ./Core/Src/main.o
                0x0000000008001428                main
 .text.handle_flash
                0x0000000008001444       0x38 ./Core/Src/project/handle_functions.o
                0x0000000008001444                handle_flash
 .text.handle_input
                0x000000000800147c       0x7c ./Core/Src/project/handle_functions.o
                0x000000000800147c                handle_input
 .text.handle_backspace
                0x00000000080014f8       0x66 ./Core/Src/project/handle_functions.o
                0x00000000080014f8                handle_backspace
 *fill*         0x000000000800155e        0x2 
 .text.handle_next
                0x0000000008001560       0x2c ./Core/Src/project/handle_functions.o
                0x0000000008001560                handle_next
 .text.handle_play
                0x000000000800158c       0x20 ./Core/Src/project/handle_functions.o
                0x000000000800158c                handle_play
 .text.handle_enter
                0x00000000080015ac       0xd8 ./Core/Src/project/handle_functions.o
                0x00000000080015ac                handle_enter
 .text.manual   0x0000000008001684       0xbc ./Core/Src/project/manual.o
                0x0000000008001684                manual
 .text.parse_midi
                0x0000000008001740       0xbc ./Core/Src/project/midi.o
                0x0000000008001740                parse_midi
 .text.parse_channel_event
                0x00000000080017fc      0x158 ./Core/Src/project/midi.o
                0x00000000080017fc                parse_channel_event
 .text.parse_song
                0x0000000008001954       0xa4 ./Core/Src/project/midi.o
                0x0000000008001954                parse_song
 .text.play_song
                0x00000000080019f8       0xf4 ./Core/Src/project/midi.o
                0x00000000080019f8                play_song
 .text.all_commands
                0x0000000008001aec       0x44 ./Core/Src/project/project.o
                0x0000000008001aec                all_commands
 .text.start_project
                0x0000000008001b30       0x80 ./Core/Src/project/project.o
                0x0000000008001b30                start_project
 .text.read_track
                0x0000000008001bb0      0x1dc ./Core/Src/project/read_track.o
                0x0000000008001bb0                read_track
 .text.get_delay
                0x0000000008001d8c       0x70 ./Core/Src/project/read_track.o
                0x0000000008001d8c                get_delay
 .text.parse_division
                0x0000000008001dfc       0x34 ./Core/Src/project/read_track.o
                0x0000000008001dfc                parse_division
 .text.parse_meta_event
                0x0000000008001e30       0x8c ./Core/Src/project/read_track.o
                0x0000000008001e30                parse_meta_event
 .text.get_song_header
                0x0000000008001ebc       0x26 ./Core/Src/project/read_track.o
                0x0000000008001ebc                get_song_header
 *fill*         0x0000000008001ee2        0x2 
 .text.get_song
                0x0000000008001ee4       0x30 ./Core/Src/project/song.o
                0x0000000008001ee4                get_song
 .text.SysTick_Handler
                0x0000000008001f14       0x1c ./Core/Src/project/tone.o
                0x0000000008001f14                SysTick_Handler
 .text.hertz_to_midi_ticks
                0x0000000008001f30       0x84 ./Core/Src/project/tone.o
                0x0000000008001f30                hertz_to_midi_ticks
 .text.get_counter
                0x0000000008001fb4       0x18 ./Core/Src/project/tone.o
                0x0000000008001fb4                get_counter
 .text.get_frequency_from_note
                0x0000000008001fcc       0x2c ./Core/Src/project/tone.o
                0x0000000008001fcc                get_frequency_from_note
 .text.convert_into_uint16
                0x0000000008001ff8       0x2a ./Core/Src/project/uint_converters.o
                0x0000000008001ff8                convert_into_uint16
 .text.convert_into_uint24
                0x0000000008002022       0x2c ./Core/Src/project/uint_converters.o
                0x0000000008002022                convert_into_uint24
 .text.convert_into_uint32
                0x000000000800204e       0x36 ./Core/Src/project/uint_converters.o
                0x000000000800204e                convert_into_uint32
 .text.System_Clock_Init
                0x0000000008002084      0x1bc ./Core/Src/system/SysClock.o
                0x0000000008002084                System_Clock_Init
 .text.Error_Handler
                0x0000000008002240        0xe ./Core/Src/system/error_handler.o
                0x0000000008002240                Error_Handler
 .text._getpid  0x000000000800224e       0x10 ./Core/Src/system/syscalls.o
                0x000000000800224e                _getpid
 .text._kill    0x000000000800225e       0x20 ./Core/Src/system/syscalls.o
                0x000000000800225e                _kill
 .text._exit    0x000000000800227e       0x14 ./Core/Src/system/syscalls.o
                0x000000000800227e                _exit
 .text._read    0x0000000008002292       0x3a ./Core/Src/system/syscalls.o
                0x0000000008002292                _read
 .text._write   0x00000000080022cc       0x38 ./Core/Src/system/syscalls.o
                0x00000000080022cc                _write
 .text._close   0x0000000008002304       0x18 ./Core/Src/system/syscalls.o
                0x0000000008002304                _close
 .text._fstat   0x000000000800231c       0x20 ./Core/Src/system/syscalls.o
                0x000000000800231c                _fstat
 .text._isatty  0x000000000800233c       0x16 ./Core/Src/system/syscalls.o
                0x000000000800233c                _isatty
 .text._lseek   0x0000000008002352       0x1a ./Core/Src/system/syscalls.o
                0x0000000008002352                _lseek
 .text._sbrk    0x000000000800236c       0x6c ./Core/Src/system/sysmem.o
                0x000000000800236c                _sbrk
 .text.SystemInit
                0x00000000080023d8       0x6c ./Core/Src/system/system_stm32l4xx.o
                0x00000000080023d8                SystemInit
 .text.get_count
                0x0000000008002444       0x18 ./Core/Src/system/systick.o
                0x0000000008002444                get_count
 .text.init_systick
                0x000000000800245c       0x54 ./Core/Src/system/systick.o
                0x000000000800245c                init_systick
 .text.delay_systick
                0x00000000080024b0       0x3c ./Core/Src/system/systick.o
                0x00000000080024b0                delay_systick
 .text.Reset_Handler
                0x00000000080024ec       0x50 ./Core/Startup/startup_stm32l476rgtx.o
                0x00000000080024ec                Reset_Handler
 .text.Default_Handler
                0x000000000800253c        0x2 ./Core/Startup/startup_stm32l476rgtx.o
                0x000000000800253c                TIM1_BRK_TIM15_IRQHandler
                0x000000000800253c                EXTI2_IRQHandler
                0x000000000800253c                TIM8_TRG_COM_IRQHandler
                0x000000000800253c                TIM8_CC_IRQHandler
                0x000000000800253c                DebugMon_Handler
                0x000000000800253c                TIM1_CC_IRQHandler
                0x000000000800253c                TSC_IRQHandler
                0x000000000800253c                HardFault_Handler
                0x000000000800253c                TAMP_STAMP_IRQHandler
                0x000000000800253c                PendSV_Handler
                0x000000000800253c                NMI_Handler
                0x000000000800253c                EXTI3_IRQHandler
                0x000000000800253c                LPTIM2_IRQHandler
                0x000000000800253c                DFSDM1_FLT1_IRQHandler
                0x000000000800253c                I2C3_ER_IRQHandler
                0x000000000800253c                DFSDM1_FLT2_IRQHandler
                0x000000000800253c                EXTI0_IRQHandler
                0x000000000800253c                I2C2_EV_IRQHandler
                0x000000000800253c                CAN1_RX0_IRQHandler
                0x000000000800253c                FPU_IRQHandler
                0x000000000800253c                TIM1_UP_TIM16_IRQHandler
                0x000000000800253c                UsageFault_Handler
                0x000000000800253c                ADC1_2_IRQHandler
                0x000000000800253c                SPI1_IRQHandler
                0x000000000800253c                TIM6_DAC_IRQHandler
                0x000000000800253c                TIM8_UP_IRQHandler
                0x000000000800253c                DMA2_Channel2_IRQHandler
                0x000000000800253c                DMA1_Channel4_IRQHandler
                0x000000000800253c                SAI2_IRQHandler
                0x000000000800253c                DFSDM1_FLT3_IRQHandler
                0x000000000800253c                USART3_IRQHandler
                0x000000000800253c                DMA1_Channel7_IRQHandler
                0x000000000800253c                CAN1_RX1_IRQHandler
                0x000000000800253c                LCD_IRQHandler
                0x000000000800253c                UART5_IRQHandler
                0x000000000800253c                ADC3_IRQHandler
                0x000000000800253c                TIM4_IRQHandler
                0x000000000800253c                DMA2_Channel1_IRQHandler
                0x000000000800253c                QUADSPI_IRQHandler
                0x000000000800253c                I2C1_EV_IRQHandler
                0x000000000800253c                DMA1_Channel6_IRQHandler
                0x000000000800253c                UART4_IRQHandler
                0x000000000800253c                DMA2_Channel4_IRQHandler
                0x000000000800253c                TIM3_IRQHandler
                0x000000000800253c                RCC_IRQHandler
                0x000000000800253c                DMA1_Channel1_IRQHandler
                0x000000000800253c                Default_Handler
                0x000000000800253c                DMA2_Channel7_IRQHandler
                0x000000000800253c                TIM7_IRQHandler
                0x000000000800253c                SDMMC1_IRQHandler
                0x000000000800253c                TIM5_IRQHandler
                0x000000000800253c                I2C3_EV_IRQHandler
                0x000000000800253c                RTC_WKUP_IRQHandler
                0x000000000800253c                PVD_PVM_IRQHandler
                0x000000000800253c                SPI2_IRQHandler
                0x000000000800253c                MemManage_Handler
                0x000000000800253c                CAN1_TX_IRQHandler
                0x000000000800253c                SVC_Handler
                0x000000000800253c                DMA2_Channel5_IRQHandler
                0x000000000800253c                DMA1_Channel5_IRQHandler
                0x000000000800253c                EXTI4_IRQHandler
                0x000000000800253c                RNG_IRQHandler
                0x000000000800253c                TIM1_TRG_COM_TIM17_IRQHandler
                0x000000000800253c                DMA1_Channel3_IRQHandler
                0x000000000800253c                COMP_IRQHandler
                0x000000000800253c                WWDG_IRQHandler
                0x000000000800253c                LPUART1_IRQHandler
                0x000000000800253c                DMA2_Channel6_IRQHandler
                0x000000000800253c                TIM2_IRQHandler
                0x000000000800253c                EXTI1_IRQHandler
                0x000000000800253c                DFSDM1_FLT0_IRQHandler
                0x000000000800253c                I2C2_ER_IRQHandler
                0x000000000800253c                DMA1_Channel2_IRQHandler
                0x000000000800253c                TIM8_BRK_IRQHandler
                0x000000000800253c                CAN1_SCE_IRQHandler
                0x000000000800253c                FLASH_IRQHandler
                0x000000000800253c                BusFault_Handler
                0x000000000800253c                USART1_IRQHandler
                0x000000000800253c                OTG_FS_IRQHandler
                0x000000000800253c                SPI3_IRQHandler
                0x000000000800253c                I2C1_ER_IRQHandler
                0x000000000800253c                FMC_IRQHandler
                0x000000000800253c                SWPMI1_IRQHandler
                0x000000000800253c                LPTIM1_IRQHandler
                0x000000000800253c                SAI1_IRQHandler
                0x000000000800253c                DMA2_Channel3_IRQHandler
                0x000000000800253c                RTC_Alarm_IRQHandler
 *fill*         0x000000000800253e        0x2 
 .text.HAL_GetTick
                0x0000000008002540       0x18 ./Drivers/STM32L4xx_HAL_Driver/Src/stm32l4xx_hal.o
                0x0000000008002540                HAL_GetTick
 .text.HAL_Delay
                0x0000000008002558       0x48 ./Drivers/STM32L4xx_HAL_Driver/Src/stm32l4xx_hal.o
                0x0000000008002558                HAL_Delay
 .text.HAL_DAC_Init
                0x00000000080025a0       0x44 ./Drivers/STM32L4xx_HAL_Driver/Src/stm32l4xx_hal_dac.o
                0x00000000080025a0                HAL_DAC_Init
 .text.HAL_DAC_Start
                0x00000000080025e4       0x9a ./Drivers/STM32L4xx_HAL_Driver/Src/stm32l4xx_hal_dac.o
                0x00000000080025e4                HAL_DAC_Start
 .text.HAL_DAC_SetValue
                0x000000000800267e       0x4a ./Drivers/STM32L4xx_HAL_Driver/Src/stm32l4xx_hal_dac.o
                0x000000000800267e                HAL_DAC_SetValue
 .text.HAL_DAC_ConfigChannel
                0x00000000080026c8      0x234 ./Drivers/STM32L4xx_HAL_Driver/Src/stm32l4xx_hal_dac.o
                0x00000000080026c8                HAL_DAC_ConfigChannel
 .text.HAL_GPIO_Init
                0x00000000080028fc      0x354 ./Drivers/STM32L4xx_HAL_Driver/Src/stm32l4xx_hal_gpio.o
                0x00000000080028fc                HAL_GPIO_Init
 .text.HAL_GPIO_ReadPin
                0x0000000008002c50       0x30 ./Drivers/STM32L4xx_HAL_Driver/Src/stm32l4xx_hal_gpio.o
                0x0000000008002c50                HAL_GPIO_ReadPin
 .text.HAL_GPIO_EXTI_IRQHandler
                0x0000000008002c80       0x30 ./Drivers/STM32L4xx_HAL_Driver/Src/stm32l4xx_hal_gpio.o
                0x0000000008002c80                HAL_GPIO_EXTI_IRQHandler
 .text.__cvt    0x0000000008002cb0       0xc4 /Applications/STM32CubeIDE.app/Contents/Eclipse/plugins/com.st.stm32cube.ide.mcu.externaltools.gnu-tools-for-stm32.11.3.rel1.macos64_1.1.100.202310310803/tools/bin/../lib/gcc/arm-none-eabi/11.3.1/../../../../arm-none-eabi/lib/thumb/v7e-m+fp/hard/libc_nano.a(libc_a-nano-vfprintf_float.o)
                0x0000000008002cb0                __cvt
 .text.__exponent
                0x0000000008002d74       0x7c /Applications/STM32CubeIDE.app/Contents/Eclipse/plugins/com.st.stm32cube.ide.mcu.externaltools.gnu-tools-for-stm32.11.3.rel1.macos64_1.1.100.202310310803/tools/bin/../lib/gcc/arm-none-eabi/11.3.1/../../../../arm-none-eabi/lib/thumb/v7e-m+fp/hard/libc_nano.a(libc_a-nano-vfprintf_float.o)
                0x0000000008002d74                __exponent
 .text._printf_float
                0x0000000008002df0      0x46c /Applications/STM32CubeIDE.app/Contents/Eclipse/plugins/com.st.stm32cube.ide.mcu.externaltools.gnu-tools-for-stm32.11.3.rel1.macos64_1.1.100.202310310803/tools/bin/../lib/gcc/arm-none-eabi/11.3.1/../../../../arm-none-eabi/lib/thumb/v7e-m+fp/hard/libc_nano.a(libc_a-nano-vfprintf_float.o)
                0x0000000008002df0                _printf_float
 .text._printf_common
                0x000000000800325c       0xda /Applications/STM32CubeIDE.app/Contents/Eclipse/plugins/com.st.stm32cube.ide.mcu.externaltools.gnu-tools-for-stm32.11.3.rel1.macos64_1.1.100.202310310803/tools/bin/../lib/gcc/arm-none-eabi/11.3.1/../../../../arm-none-eabi/lib/thumb/v7e-m+fp/hard/libc_nano.a(libc_a-nano-vfprintf_i.o)
                0x000000000800325c                _printf_common
 *fill*         0x0000000008003336        0x2 
 .text._printf_i
                0x0000000008003338      0x244 /Applications/STM32CubeIDE.app/Contents/Eclipse/plugins/com.st.stm32cube.ide.mcu.externaltools.gnu-tools-for-stm32.11.3.rel1.macos64_1.1.100.202310310803/tools/bin/../lib/gcc/arm-none-eabi/11.3.1/../../../../arm-none-eabi/lib/thumb/v7e-m+fp/hard/libc_nano.a(libc_a-nano-vfprintf_i.o)
                0x0000000008003338                _printf_i
 .text.std      0x000000000800357c       0x6c /Applications/STM32CubeIDE.app/Contents/Eclipse/plugins/com.st.stm32cube.ide.mcu.externaltools.gnu-tools-for-stm32.11.3.rel1.macos64_1.1.100.202310310803/tools/bin/../lib/gcc/arm-none-eabi/11.3.1/../../../../arm-none-eabi/lib/thumb/v7e-m+fp/hard/libc_nano.a(libc_a-findfp.o)
 .text.stdio_exit_handler
                0x00000000080035e8       0x18 /Applications/STM32CubeIDE.app/Contents/Eclipse/plugins/com.st.stm32cube.ide.mcu.externaltools.gnu-tools-for-stm32.11.3.rel1.macos64_1.1.100.202310310803/tools/bin/../lib/gcc/arm-none-eabi/11.3.1/../../../../arm-none-eabi/lib/thumb/v7e-m+fp/hard/libc_nano.a(libc_a-findfp.o)
 .text.cleanup_stdio
                0x0000000008003600       0x40 /Applications/STM32CubeIDE.app/Contents/Eclipse/plugins/com.st.stm32cube.ide.mcu.externaltools.gnu-tools-for-stm32.11.3.rel1.macos64_1.1.100.202310310803/tools/bin/../lib/gcc/arm-none-eabi/11.3.1/../../../../arm-none-eabi/lib/thumb/v7e-m+fp/hard/libc_nano.a(libc_a-findfp.o)
 .text.global_stdio_init.part.0
                0x0000000008003640       0x3c /Applications/STM32CubeIDE.app/Contents/Eclipse/plugins/com.st.stm32cube.ide.mcu.externaltools.gnu-tools-for-stm32.11.3.rel1.macos64_1.1.100.202310310803/tools/bin/../lib/gcc/arm-none-eabi/11.3.1/../../../../arm-none-eabi/lib/thumb/v7e-m+fp/hard/libc_nano.a(libc_a-findfp.o)
 .text.__sfp_lock_acquire
                0x000000000800367c        0xc /Applications/STM32CubeIDE.app/Contents/Eclipse/plugins/com.st.stm32cube.ide.mcu.externaltools.gnu-tools-for-stm32.11.3.rel1.macos64_1.1.100.202310310803/tools/bin/../lib/gcc/arm-none-eabi/11.3.1/../../../../arm-none-eabi/lib/thumb/v7e-m+fp/hard/libc_nano.a(libc_a-findfp.o)
                0x000000000800367c                __sfp_lock_acquire
 .text.__sfp_lock_release
                0x0000000008003688        0xc /Applications/STM32CubeIDE.app/Contents/Eclipse/plugins/com.st.stm32cube.ide.mcu.externaltools.gnu-tools-for-stm32.11.3.rel1.macos64_1.1.100.202310310803/tools/bin/../lib/gcc/arm-none-eabi/11.3.1/../../../../arm-none-eabi/lib/thumb/v7e-m+fp/hard/libc_nano.a(libc_a-findfp.o)
                0x0000000008003688                __sfp_lock_release
 .text.__sinit  0x0000000008003694       0x30 /Applications/STM32CubeIDE.app/Contents/Eclipse/plugins/com.st.stm32cube.ide.mcu.externaltools.gnu-tools-for-stm32.11.3.rel1.macos64_1.1.100.202310310803/tools/bin/../lib/gcc/arm-none-eabi/11.3.1/../../../../arm-none-eabi/lib/thumb/v7e-m+fp/hard/libc_nano.a(libc_a-findfp.o)
                0x0000000008003694                __sinit
 .text._fwalk_sglue
                0x00000000080036c4       0x3c /Applications/STM32CubeIDE.app/Contents/Eclipse/plugins/com.st.stm32cube.ide.mcu.externaltools.gnu-tools-for-stm32.11.3.rel1.macos64_1.1.100.202310310803/tools/bin/../lib/gcc/arm-none-eabi/11.3.1/../../../../arm-none-eabi/lib/thumb/v7e-m+fp/hard/libc_nano.a(libc_a-fwalk.o)
                0x00000000080036c4                _fwalk_sglue
 .text._vsprintf_r
                0x0000000008003700       0x2c /Applications/STM32CubeIDE.app/Contents/Eclipse/plugins/com.st.stm32cube.ide.mcu.externaltools.gnu-tools-for-stm32.11.3.rel1.macos64_1.1.100.202310310803/tools/bin/../lib/gcc/arm-none-eabi/11.3.1/../../../../arm-none-eabi/lib/thumb/v7e-m+fp/hard/libc_nano.a(libc_a-vsprintf.o)
                0x0000000008003700                _vsiprintf_r
                0x0000000008003700                _vsprintf_r
 .text.vsprintf
                0x000000000800372c       0x14 /Applications/STM32CubeIDE.app/Contents/Eclipse/plugins/com.st.stm32cube.ide.mcu.externaltools.gnu-tools-for-stm32.11.3.rel1.macos64_1.1.100.202310310803/tools/bin/../lib/gcc/arm-none-eabi/11.3.1/../../../../arm-none-eabi/lib/thumb/v7e-m+fp/hard/libc_nano.a(libc_a-vsprintf.o)
                0x000000000800372c                vsprintf
                0x000000000800372c                vsiprintf
 .text.putchar  0x0000000008003740       0x10 /Applications/STM32CubeIDE.app/Contents/Eclipse/plugins/com.st.stm32cube.ide.mcu.externaltools.gnu-tools-for-stm32.11.3.rel1.macos64_1.1.100.202310310803/tools/bin/../lib/gcc/arm-none-eabi/11.3.1/../../../../arm-none-eabi/lib/thumb/v7e-m+fp/hard/libc_nano.a(libc_a-putchar.o)
                0x0000000008003740                putchar
 .text.strncpy  0x0000000008003750       0x26 /Applications/STM32CubeIDE.app/Contents/Eclipse/plugins/com.st.stm32cube.ide.mcu.externaltools.gnu-tools-for-stm32.11.3.rel1.macos64_1.1.100.202310310803/tools/bin/../lib/gcc/arm-none-eabi/11.3.1/../../../../arm-none-eabi/lib/thumb/v7e-m+fp/hard/libc_nano.a(libc_a-strncpy.o)
                0x0000000008003750                strncpy
 .text.memset   0x0000000008003776       0x10 /Applications/STM32CubeIDE.app/Contents/Eclipse/plugins/com.st.stm32cube.ide.mcu.externaltools.gnu-tools-for-stm32.11.3.rel1.macos64_1.1.100.202310310803/tools/bin/../lib/gcc/arm-none-eabi/11.3.1/../../../../arm-none-eabi/lib/thumb/v7e-m+fp/hard/libc_nano.a(libc_a-memset.o)
                0x0000000008003776                memset
 *fill*         0x0000000008003786        0x2 
 .text._localeconv_r
                0x0000000008003788        0x8 /Applications/STM32CubeIDE.app/Contents/Eclipse/plugins/com.st.stm32cube.ide.mcu.externaltools.gnu-tools-for-stm32.11.3.rel1.macos64_1.1.100.202310310803/tools/bin/../lib/gcc/arm-none-eabi/11.3.1/../../../../arm-none-eabi/lib/thumb/v7e-m+fp/hard/libc_nano.a(libc_a-localeconv.o)
                0x0000000008003788                _localeconv_r
 .text.__errno  0x0000000008003790        0xc /Applications/STM32CubeIDE.app/Contents/Eclipse/plugins/com.st.stm32cube.ide.mcu.externaltools.gnu-tools-for-stm32.11.3.rel1.macos64_1.1.100.202310310803/tools/bin/../lib/gcc/arm-none-eabi/11.3.1/../../../../arm-none-eabi/lib/thumb/v7e-m+fp/hard/libc_nano.a(libc_a-errno.o)
                0x0000000008003790                __errno
 .text.__libc_init_array
                0x000000000800379c       0x48 /Applications/STM32CubeIDE.app/Contents/Eclipse/plugins/com.st.stm32cube.ide.mcu.externaltools.gnu-tools-for-stm32.11.3.rel1.macos64_1.1.100.202310310803/tools/bin/../lib/gcc/arm-none-eabi/11.3.1/../../../../arm-none-eabi/lib/thumb/v7e-m+fp/hard/libc_nano.a(libc_a-init.o)
                0x000000000800379c                __libc_init_array
 .text.__retarget_lock_init_recursive
                0x00000000080037e4        0x2 /Applications/STM32CubeIDE.app/Contents/Eclipse/plugins/com.st.stm32cube.ide.mcu.externaltools.gnu-tools-for-stm32.11.3.rel1.macos64_1.1.100.202310310803/tools/bin/../lib/gcc/arm-none-eabi/11.3.1/../../../../arm-none-eabi/lib/thumb/v7e-m+fp/hard/libc_nano.a(libc_a-lock.o)
                0x00000000080037e4                __retarget_lock_init_recursive
 .text.__retarget_lock_acquire_recursive
                0x00000000080037e6        0x2 /Applications/STM32CubeIDE.app/Contents/Eclipse/plugins/com.st.stm32cube.ide.mcu.externaltools.gnu-tools-for-stm32.11.3.rel1.macos64_1.1.100.202310310803/tools/bin/../lib/gcc/arm-none-eabi/11.3.1/../../../../arm-none-eabi/lib/thumb/v7e-m+fp/hard/libc_nano.a(libc_a-lock.o)
                0x00000000080037e6                __retarget_lock_acquire_recursive
 .text.__retarget_lock_release_recursive
                0x00000000080037e8        0x2 /Applications/STM32CubeIDE.app/Contents/Eclipse/plugins/com.st.stm32cube.ide.mcu.externaltools.gnu-tools-for-stm32.11.3.rel1.macos64_1.1.100.202310310803/tools/bin/../lib/gcc/arm-none-eabi/11.3.1/../../../../arm-none-eabi/lib/thumb/v7e-m+fp/hard/libc_nano.a(libc_a-lock.o)
                0x00000000080037e8                __retarget_lock_release_recursive
 .text.memcpy   0x00000000080037ea       0x1c /Applications/STM32CubeIDE.app/Contents/Eclipse/plugins/com.st.stm32cube.ide.mcu.externaltools.gnu-tools-for-stm32.11.3.rel1.macos64_1.1.100.202310310803/tools/bin/../lib/gcc/arm-none-eabi/11.3.1/../../../../arm-none-eabi/lib/thumb/v7e-m+fp/hard/libc_nano.a(libc_a-memcpy-stub.o)
                0x00000000080037ea                memcpy
 .text.quorem   0x0000000008003806      0x110 /Applications/STM32CubeIDE.app/Contents/Eclipse/plugins/com.st.stm32cube.ide.mcu.externaltools.gnu-tools-for-stm32.11.3.rel1.macos64_1.1.100.202310310803/tools/bin/../lib/gcc/arm-none-eabi/11.3.1/../../../../arm-none-eabi/lib/thumb/v7e-m+fp/hard/libc_nano.a(libc_a-dtoa.o)
 *fill*         0x0000000008003916        0x2 
 .text._dtoa_r  0x0000000008003918      0xbe4 /Applications/STM32CubeIDE.app/Contents/Eclipse/plugins/com.st.stm32cube.ide.mcu.externaltools.gnu-tools-for-stm32.11.3.rel1.macos64_1.1.100.202310310803/tools/bin/../lib/gcc/arm-none-eabi/11.3.1/../../../../arm-none-eabi/lib/thumb/v7e-m+fp/hard/libc_nano.a(libc_a-dtoa.o)
                0x0000000008003918                _dtoa_r
 .text.__ssputs_r
                0x00000000080044fc       0xb4 /Applications/STM32CubeIDE.app/Contents/Eclipse/plugins/com.st.stm32cube.ide.mcu.externaltools.gnu-tools-for-stm32.11.3.rel1.macos64_1.1.100.202310310803/tools/bin/../lib/gcc/arm-none-eabi/11.3.1/../../../../arm-none-eabi/lib/thumb/v7e-m+fp/hard/libc_nano.a(libc_a-nano-svfprintf.o)
                0x00000000080044fc                __ssputs_r
 .text._svfprintf_r
                0x00000000080045b0      0x1fc /Applications/STM32CubeIDE.app/Contents/Eclipse/plugins/com.st.stm32cube.ide.mcu.externaltools.gnu-tools-for-stm32.11.3.rel1.macos64_1.1.100.202310310803/tools/bin/../lib/gcc/arm-none-eabi/11.3.1/../../../../arm-none-eabi/lib/thumb/v7e-m+fp/hard/libc_nano.a(libc_a-nano-svfprintf.o)
                0x00000000080045b0                _svfprintf_r
                0x00000000080045b0                _svfiprintf_r
 .text.malloc   0x00000000080047ac       0x10 /Applications/STM32CubeIDE.app/Contents/Eclipse/plugins/com.st.stm32cube.ide.mcu.externaltools.gnu-tools-for-stm32.11.3.rel1.macos64_1.1.100.202310310803/tools/bin/../lib/gcc/arm-none-eabi/11.3.1/../../../../arm-none-eabi/lib/thumb/v7e-m+fp/hard/libc_nano.a(libc_a-malloc.o)
                0x00000000080047ac                malloc
 .text.sbrk_aligned
                0x00000000080047bc       0x40 /Applications/STM32CubeIDE.app/Contents/Eclipse/plugins/com.st.stm32cube.ide.mcu.externaltools.gnu-tools-for-stm32.11.3.rel1.macos64_1.1.100.202310310803/tools/bin/../lib/gcc/arm-none-eabi/11.3.1/../../../../arm-none-eabi/lib/thumb/v7e-m+fp/hard/libc_nano.a(libc_a-mallocr.o)
 .text._malloc_r
                0x00000000080047fc      0x100 /Applications/STM32CubeIDE.app/Contents/Eclipse/plugins/com.st.stm32cube.ide.mcu.externaltools.gnu-tools-for-stm32.11.3.rel1.macos64_1.1.100.202310310803/tools/bin/../lib/gcc/arm-none-eabi/11.3.1/../../../../arm-none-eabi/lib/thumb/v7e-m+fp/hard/libc_nano.a(libc_a-mallocr.o)
                0x00000000080047fc                _malloc_r
 .text.__sflush_r
                0x00000000080048fc      0x10c /Applications/STM32CubeIDE.app/Contents/Eclipse/plugins/com.st.stm32cube.ide.mcu.externaltools.gnu-tools-for-stm32.11.3.rel1.macos64_1.1.100.202310310803/tools/bin/../lib/gcc/arm-none-eabi/11.3.1/../../../../arm-none-eabi/lib/thumb/v7e-m+fp/hard/libc_nano.a(libc_a-fflush.o)
                0x00000000080048fc                __sflush_r
 .text._fflush_r
                0x0000000008004a08       0x50 /Applications/STM32CubeIDE.app/Contents/Eclipse/plugins/com.st.stm32cube.ide.mcu.externaltools.gnu-tools-for-stm32.11.3.rel1.macos64_1.1.100.202310310803/tools/bin/../lib/gcc/arm-none-eabi/11.3.1/../../../../arm-none-eabi/lib/thumb/v7e-m+fp/hard/libc_nano.a(libc_a-fflush.o)
                0x0000000008004a08                _fflush_r
 .text.__malloc_lock
                0x0000000008004a58        0xc /Applications/STM32CubeIDE.app/Contents/Eclipse/plugins/com.st.stm32cube.ide.mcu.externaltools.gnu-tools-for-stm32.11.3.rel1.macos64_1.1.100.202310310803/tools/bin/../lib/gcc/arm-none-eabi/11.3.1/../../../../arm-none-eabi/lib/thumb/v7e-m+fp/hard/libc_nano.a(libc_a-mlock.o)
                0x0000000008004a58                __malloc_lock
 .text.__malloc_unlock
                0x0000000008004a64        0xc /Applications/STM32CubeIDE.app/Contents/Eclipse/plugins/com.st.stm32cube.ide.mcu.externaltools.gnu-tools-for-stm32.11.3.rel1.macos64_1.1.100.202310310803/tools/bin/../lib/gcc/arm-none-eabi/11.3.1/../../../../arm-none-eabi/lib/thumb/v7e-m+fp/hard/libc_nano.a(libc_a-mlock.o)
                0x0000000008004a64                __malloc_unlock
 .text._Balloc  0x0000000008004a70       0x80 /Applications/STM32CubeIDE.app/Contents/Eclipse/plugins/com.st.stm32cube.ide.mcu.externaltools.gnu-tools-for-stm32.11.3.rel1.macos64_1.1.100.202310310803/tools/bin/../lib/gcc/arm-none-eabi/11.3.1/../../../../arm-none-eabi/lib/thumb/v7e-m+fp/hard/libc_nano.a(libc_a-mprec.o)
                0x0000000008004a70                _Balloc
 .text._Bfree   0x0000000008004af0       0x44 /Applications/STM32CubeIDE.app/Contents/Eclipse/plugins/com.st.stm32cube.ide.mcu.externaltools.gnu-tools-for-stm32.11.3.rel1.macos64_1.1.100.202310310803/tools/bin/../lib/gcc/arm-none-eabi/11.3.1/../../../../arm-none-eabi/lib/thumb/v7e-m+fp/hard/libc_nano.a(libc_a-mprec.o)
                0x0000000008004af0                _Bfree
 .text.__multadd
                0x0000000008004b34       0x8c /Applications/STM32CubeIDE.app/Contents/Eclipse/plugins/com.st.stm32cube.ide.mcu.externaltools.gnu-tools-for-stm32.11.3.rel1.macos64_1.1.100.202310310803/tools/bin/../lib/gcc/arm-none-eabi/11.3.1/../../../../arm-none-eabi/lib/thumb/v7e-m+fp/hard/libc_nano.a(libc_a-mprec.o)
                0x0000000008004b34                __multadd
 .text.__hi0bits
                0x0000000008004bc0       0x40 /Applications/STM32CubeIDE.app/Contents/Eclipse/plugins/com.st.stm32cube.ide.mcu.externaltools.gnu-tools-for-stm32.11.3.rel1.macos64_1.1.100.202310310803/tools/bin/../lib/gcc/arm-none-eabi/11.3.1/../../../../arm-none-eabi/lib/thumb/v7e-m+fp/hard/libc_nano.a(libc_a-mprec.o)
                0x0000000008004bc0                __hi0bits
 .text.__lo0bits
                0x0000000008004c00       0x5a /Applications/STM32CubeIDE.app/Contents/Eclipse/plugins/com.st.stm32cube.ide.mcu.externaltools.gnu-tools-for-stm32.11.3.rel1.macos64_1.1.100.202310310803/tools/bin/../lib/gcc/arm-none-eabi/11.3.1/../../../../arm-none-eabi/lib/thumb/v7e-m+fp/hard/libc_nano.a(libc_a-mprec.o)
                0x0000000008004c00                __lo0bits
 *fill*         0x0000000008004c5a        0x2 
 .text.__i2b    0x0000000008004c5c       0x2c /Applications/STM32CubeIDE.app/Contents/Eclipse/plugins/com.st.stm32cube.ide.mcu.externaltools.gnu-tools-for-stm32.11.3.rel1.macos64_1.1.100.202310310803/tools/bin/../lib/gcc/arm-none-eabi/11.3.1/../../../../arm-none-eabi/lib/thumb/v7e-m+fp/hard/libc_nano.a(libc_a-mprec.o)
                0x0000000008004c5c                __i2b
 .text.__multiply
                0x0000000008004c88      0x154 /Applications/STM32CubeIDE.app/Contents/Eclipse/plugins/com.st.stm32cube.ide.mcu.externaltools.gnu-tools-for-stm32.11.3.rel1.macos64_1.1.100.202310310803/tools/bin/../lib/gcc/arm-none-eabi/11.3.1/../../../../arm-none-eabi/lib/thumb/v7e-m+fp/hard/libc_nano.a(libc_a-mprec.o)
                0x0000000008004c88                __multiply
 .text.__pow5mult
                0x0000000008004ddc       0xb4 /Applications/STM32CubeIDE.app/Contents/Eclipse/plugins/com.st.stm32cube.ide.mcu.externaltools.gnu-tools-for-stm32.11.3.rel1.macos64_1.1.100.202310310803/tools/bin/../lib/gcc/arm-none-eabi/11.3.1/../../../../arm-none-eabi/lib/thumb/v7e-m+fp/hard/libc_nano.a(libc_a-mprec.o)
                0x0000000008004ddc                __pow5mult
 .text.__lshift
                0x0000000008004e90       0xd8 /Applications/STM32CubeIDE.app/Contents/Eclipse/plugins/com.st.stm32cube.ide.mcu.externaltools.gnu-tools-for-stm32.11.3.rel1.macos64_1.1.100.202310310803/tools/bin/../lib/gcc/arm-none-eabi/11.3.1/../../../../arm-none-eabi/lib/thumb/v7e-m+fp/hard/libc_nano.a(libc_a-mprec.o)
                0x0000000008004e90                __lshift
 .text.__mcmp   0x0000000008004f68       0x38 /Applications/STM32CubeIDE.app/Contents/Eclipse/plugins/com.st.stm32cube.ide.mcu.externaltools.gnu-tools-for-stm32.11.3.rel1.macos64_1.1.100.202310310803/tools/bin/../lib/gcc/arm-none-eabi/11.3.1/../../../../arm-none-eabi/lib/thumb/v7e-m+fp/hard/libc_nano.a(libc_a-mprec.o)
                0x0000000008004f68                __mcmp
 .text.__mdiff  0x0000000008004fa0      0x114 /Applications/STM32CubeIDE.app/Contents/Eclipse/plugins/com.st.stm32cube.ide.mcu.externaltools.gnu-tools-for-stm32.11.3.rel1.macos64_1.1.100.202310310803/tools/bin/../lib/gcc/arm-none-eabi/11.3.1/../../../../arm-none-eabi/lib/thumb/v7e-m+fp/hard/libc_nano.a(libc_a-mprec.o)
                0x0000000008004fa0                __mdiff
 .text.__d2b    0x00000000080050b4       0xb4 /Applications/STM32CubeIDE.app/Contents/Eclipse/plugins/com.st.stm32cube.ide.mcu.externaltools.gnu-tools-for-stm32.11.3.rel1.macos64_1.1.100.202310310803/tools/bin/../lib/gcc/arm-none-eabi/11.3.1/../../../../arm-none-eabi/lib/thumb/v7e-m+fp/hard/libc_nano.a(libc_a-mprec.o)
                0x00000000080050b4                __d2b
 .text.__sread  0x0000000008005168       0x22 /Applications/STM32CubeIDE.app/Contents/Eclipse/plugins/com.st.stm32cube.ide.mcu.externaltools.gnu-tools-for-stm32.11.3.rel1.macos64_1.1.100.202310310803/tools/bin/../lib/gcc/arm-none-eabi/11.3.1/../../../../arm-none-eabi/lib/thumb/v7e-m+fp/hard/libc_nano.a(libc_a-stdio.o)
                0x0000000008005168                __sread
 .text.__swrite
                0x000000000800518a       0x38 /Applications/STM32CubeIDE.app/Contents/Eclipse/plugins/com.st.stm32cube.ide.mcu.externaltools.gnu-tools-for-stm32.11.3.rel1.macos64_1.1.100.202310310803/tools/bin/../lib/gcc/arm-none-eabi/11.3.1/../../../../arm-none-eabi/lib/thumb/v7e-m+fp/hard/libc_nano.a(libc_a-stdio.o)
                0x000000000800518a                __swrite
 .text.__sseek  0x00000000080051c2       0x24 /Applications/STM32CubeIDE.app/Contents/Eclipse/plugins/com.st.stm32cube.ide.mcu.externaltools.gnu-tools-for-stm32.11.3.rel1.macos64_1.1.100.202310310803/tools/bin/../lib/gcc/arm-none-eabi/11.3.1/../../../../arm-none-eabi/lib/thumb/v7e-m+fp/hard/libc_nano.a(libc_a-stdio.o)
                0x00000000080051c2                __sseek
 .text.__sclose
                0x00000000080051e6        0x8 /Applications/STM32CubeIDE.app/Contents/Eclipse/plugins/com.st.stm32cube.ide.mcu.externaltools.gnu-tools-for-stm32.11.3.rel1.macos64_1.1.100.202310310803/tools/bin/../lib/gcc/arm-none-eabi/11.3.1/../../../../arm-none-eabi/lib/thumb/v7e-m+fp/hard/libc_nano.a(libc_a-stdio.o)
                0x00000000080051e6                __sclose
 .text._realloc_r
                0x00000000080051ee       0x5e /Applications/STM32CubeIDE.app/Contents/Eclipse/plugins/com.st.stm32cube.ide.mcu.externaltools.gnu-tools-for-stm32.11.3.rel1.macos64_1.1.100.202310310803/tools/bin/../lib/gcc/arm-none-eabi/11.3.1/../../../../arm-none-eabi/lib/thumb/v7e-m+fp/hard/libc_nano.a(libc_a-reallocr.o)
                0x00000000080051ee                _realloc_r
 .text.__swbuf_r
                0x000000000800524c       0x7a /Applications/STM32CubeIDE.app/Contents/Eclipse/plugins/com.st.stm32cube.ide.mcu.externaltools.gnu-tools-for-stm32.11.3.rel1.macos64_1.1.100.202310310803/tools/bin/../lib/gcc/arm-none-eabi/11.3.1/../../../../arm-none-eabi/lib/thumb/v7e-m+fp/hard/libc_nano.a(libc_a-wbuf.o)
                0x000000000800524c                __swbuf_r
 *fill*         0x00000000080052c6        0x2 
 .text.__swsetup_r
                0x00000000080052c8       0xb0 /Applications/STM32CubeIDE.app/Contents/Eclipse/plugins/com.st.stm32cube.ide.mcu.externaltools.gnu-tools-for-stm32.11.3.rel1.macos64_1.1.100.202310310803/tools/bin/../lib/gcc/arm-none-eabi/11.3.1/../../../../arm-none-eabi/lib/thumb/v7e-m+fp/hard/libc_nano.a(libc_a-wsetup.o)
                0x00000000080052c8                __swsetup_r
 .text.__swhatbuf_r
                0x0000000008005378       0x4c /Applications/STM32CubeIDE.app/Contents/Eclipse/plugins/com.st.stm32cube.ide.mcu.externaltools.gnu-tools-for-stm32.11.3.rel1.macos64_1.1.100.202310310803/tools/bin/../lib/gcc/arm-none-eabi/11.3.1/../../../../arm-none-eabi/lib/thumb/v7e-m+fp/hard/libc_nano.a(libc_a-makebuf.o)
                0x0000000008005378                __swhatbuf_r
 .text.__smakebuf_r
                0x00000000080053c4       0x78 /Applications/STM32CubeIDE.app/Contents/Eclipse/plugins/com.st.stm32cube.ide.mcu.externaltools.gnu-tools-for-stm32.11.3.rel1.macos64_1.1.100.202310310803/tools/bin/../lib/gcc/arm-none-eabi/11.3.1/../../../../arm-none-eabi/lib/thumb/v7e-m+fp/hard/libc_nano.a(libc_a-makebuf.o)
                0x00000000080053c4                __smakebuf_r
 .text._putc_r  0x000000000800543c       0x68 /Applications/STM32CubeIDE.app/Contents/Eclipse/plugins/com.st.stm32cube.ide.mcu.externaltools.gnu-tools-for-stm32.11.3.rel1.macos64_1.1.100.202310310803/tools/bin/../lib/gcc/arm-none-eabi/11.3.1/../../../../arm-none-eabi/lib/thumb/v7e-m+fp/hard/libc_nano.a(libc_a-putc.o)
                0x000000000800543c                _putc_r
 .text.memmove  0x00000000080054a4       0x34 /Applications/STM32CubeIDE.app/Contents/Eclipse/plugins/com.st.stm32cube.ide.mcu.externaltools.gnu-tools-for-stm32.11.3.rel1.macos64_1.1.100.202310310803/tools/bin/../lib/gcc/arm-none-eabi/11.3.1/../../../../arm-none-eabi/lib/thumb/v7e-m+fp/hard/libc_nano.a(libc_a-memmove.o)
                0x00000000080054a4                memmove
 .text._close_r
                0x00000000080054d8       0x20 /Applications/STM32CubeIDE.app/Contents/Eclipse/plugins/com.st.stm32cube.ide.mcu.externaltools.gnu-tools-for-stm32.11.3.rel1.macos64_1.1.100.202310310803/tools/bin/../lib/gcc/arm-none-eabi/11.3.1/../../../../arm-none-eabi/lib/thumb/v7e-m+fp/hard/libc_nano.a(libc_a-closer.o)
                0x00000000080054d8                _close_r
 .text._fstat_r
                0x00000000080054f8       0x24 /Applications/STM32CubeIDE.app/Contents/Eclipse/plugins/com.st.stm32cube.ide.mcu.externaltools.gnu-tools-for-stm32.11.3.rel1.macos64_1.1.100.202310310803/tools/bin/../lib/gcc/arm-none-eabi/11.3.1/../../../../arm-none-eabi/lib/thumb/v7e-m+fp/hard/libc_nano.a(libc_a-fstatr.o)
                0x00000000080054f8                _fstat_r
 .text._isatty_r
                0x000000000800551c       0x20 /Applications/STM32CubeIDE.app/Contents/Eclipse/plugins/com.st.stm32cube.ide.mcu.externaltools.gnu-tools-for-stm32.11.3.rel1.macos64_1.1.100.202310310803/tools/bin/../lib/gcc/arm-none-eabi/11.3.1/../../../../arm-none-eabi/lib/thumb/v7e-m+fp/hard/libc_nano.a(libc_a-isattyr.o)
                0x000000000800551c                _isatty_r
 .text._lseek_r
                0x000000000800553c       0x24 /Applications/STM32CubeIDE.app/Contents/Eclipse/plugins/com.st.stm32cube.ide.mcu.externaltools.gnu-tools-for-stm32.11.3.rel1.macos64_1.1.100.202310310803/tools/bin/../lib/gcc/arm-none-eabi/11.3.1/../../../../arm-none-eabi/lib/thumb/v7e-m+fp/hard/libc_nano.a(libc_a-lseekr.o)
                0x000000000800553c                _lseek_r
 .text._read_r  0x0000000008005560       0x24 /Applications/STM32CubeIDE.app/Contents/Eclipse/plugins/com.st.stm32cube.ide.mcu.externaltools.gnu-tools-for-stm32.11.3.rel1.macos64_1.1.100.202310310803/tools/bin/../lib/gcc/arm-none-eabi/11.3.1/../../../../arm-none-eabi/lib/thumb/v7e-m+fp/hard/libc_nano.a(libc_a-readr.o)
                0x0000000008005560                _read_r
 .text._sbrk_r  0x0000000008005584       0x20 /Applications/STM32CubeIDE.app/Contents/Eclipse/plugins/com.st.stm32cube.ide.mcu.externaltools.gnu-tools-for-stm32.11.3.rel1.macos64_1.1.100.202310310803/tools/bin/../lib/gcc/arm-none-eabi/11.3.1/../../../../arm-none-eabi/lib/thumb/v7e-m+fp/hard/libc_nano.a(libc_a-sbrkr.o)
                0x0000000008005584                _sbrk_r
 .text._write_r
                0x00000000080055a4       0x24 /Applications/STM32CubeIDE.app/Contents/Eclipse/plugins/com.st.stm32cube.ide.mcu.externaltools.gnu-tools-for-stm32.11.3.rel1.macos64_1.1.100.202310310803/tools/bin/../lib/gcc/arm-none-eabi/11.3.1/../../../../arm-none-eabi/lib/thumb/v7e-m+fp/hard/libc_nano.a(libc_a-writer.o)
                0x00000000080055a4                _write_r
 .text.__assert_func
                0x00000000080055c8       0x3c /Applications/STM32CubeIDE.app/Contents/Eclipse/plugins/com.st.stm32cube.ide.mcu.externaltools.gnu-tools-for-stm32.11.3.rel1.macos64_1.1.100.202310310803/tools/bin/../lib/gcc/arm-none-eabi/11.3.1/../../../../arm-none-eabi/lib/thumb/v7e-m+fp/hard/libc_nano.a(libc_a-assert.o)
                0x00000000080055c8                __assert_func
 .text._calloc_r
                0x0000000008005604       0x2c /Applications/STM32CubeIDE.app/Contents/Eclipse/plugins/com.st.stm32cube.ide.mcu.externaltools.gnu-tools-for-stm32.11.3.rel1.macos64_1.1.100.202310310803/tools/bin/../lib/gcc/arm-none-eabi/11.3.1/../../../../arm-none-eabi/lib/thumb/v7e-m+fp/hard/libc_nano.a(libc_a-callocr.o)
                0x0000000008005604                _calloc_r
 .text._free_r  0x0000000008005630       0x98 /Applications/STM32CubeIDE.app/Contents/Eclipse/plugins/com.st.stm32cube.ide.mcu.externaltools.gnu-tools-for-stm32.11.3.rel1.macos64_1.1.100.202310310803/tools/bin/../lib/gcc/arm-none-eabi/11.3.1/../../../../arm-none-eabi/lib/thumb/v7e-m+fp/hard/libc_nano.a(libc_a-freer.o)
                0x0000000008005630                _free_r
 .text.__ascii_mbtowc
                0x00000000080056c8       0x24 /Applications/STM32CubeIDE.app/Contents/Eclipse/plugins/com.st.stm32cube.ide.mcu.externaltools.gnu-tools-for-stm32.11.3.rel1.macos64_1.1.100.202310310803/tools/bin/../lib/gcc/arm-none-eabi/11.3.1/../../../../arm-none-eabi/lib/thumb/v7e-m+fp/hard/libc_nano.a(libc_a-mbtowc_r.o)
                0x00000000080056c8                __ascii_mbtowc
 .text._malloc_usable_size_r
                0x00000000080056ec       0x10 /Applications/STM32CubeIDE.app/Contents/Eclipse/plugins/com.st.stm32cube.ide.mcu.externaltools.gnu-tools-for-stm32.11.3.rel1.macos64_1.1.100.202310310803/tools/bin/../lib/gcc/arm-none-eabi/11.3.1/../../../../arm-none-eabi/lib/thumb/v7e-m+fp/hard/libc_nano.a(libc_a-msizer.o)
                0x00000000080056ec                _malloc_usable_size_r
 .text.fprintf  0x00000000080056fc       0x24 /Applications/STM32CubeIDE.app/Contents/Eclipse/plugins/com.st.stm32cube.ide.mcu.externaltools.gnu-tools-for-stm32.11.3.rel1.macos64_1.1.100.202310310803/tools/bin/../lib/gcc/arm-none-eabi/11.3.1/../../../../arm-none-eabi/lib/thumb/v7e-m+fp/hard/libc_nano.a(libc_a-fprintf.o)
                0x00000000080056fc                fprintf
                0x00000000080056fc                fiprintf
 .text.__ascii_wctomb
                0x0000000008005720       0x1a /Applications/STM32CubeIDE.app/Contents/Eclipse/plugins/com.st.stm32cube.ide.mcu.externaltools.gnu-tools-for-stm32.11.3.rel1.macos64_1.1.100.202310310803/tools/bin/../lib/gcc/arm-none-eabi/11.3.1/../../../../arm-none-eabi/lib/thumb/v7e-m+fp/hard/libc_nano.a(libc_a-wctomb_r.o)
                0x0000000008005720                __ascii_wctomb
 .text.abort    0x000000000800573a        0xe /Applications/STM32CubeIDE.app/Contents/Eclipse/plugins/com.st.stm32cube.ide.mcu.externaltools.gnu-tools-for-stm32.11.3.rel1.macos64_1.1.100.202310310803/tools/bin/../lib/gcc/arm-none-eabi/11.3.1/../../../../arm-none-eabi/lib/thumb/v7e-m+fp/hard/libc_nano.a(libc_a-abort.o)
                0x000000000800573a                abort
 .text.__sfputc_r
                0x0000000008005748       0x2e /Applications/STM32CubeIDE.app/Contents/Eclipse/plugins/com.st.stm32cube.ide.mcu.externaltools.gnu-tools-for-stm32.11.3.rel1.macos64_1.1.100.202310310803/tools/bin/../lib/gcc/arm-none-eabi/11.3.1/../../../../arm-none-eabi/lib/thumb/v7e-m+fp/hard/libc_nano.a(libc_a-nano-vfprintf.o)
 .text.__sfputs_r
                0x0000000008005776       0x24 /Applications/STM32CubeIDE.app/Contents/Eclipse/plugins/com.st.stm32cube.ide.mcu.externaltools.gnu-tools-for-stm32.11.3.rel1.macos64_1.1.100.202310310803/tools/bin/../lib/gcc/arm-none-eabi/11.3.1/../../../../arm-none-eabi/lib/thumb/v7e-m+fp/hard/libc_nano.a(libc_a-nano-vfprintf.o)
                0x0000000008005776                __sfputs_r
 *fill*         0x000000000800579a        0x2 
 .text._vfprintf_r
                0x000000000800579c      0x234 /Applications/STM32CubeIDE.app/Contents/Eclipse/plugins/com.st.stm32cube.ide.mcu.externaltools.gnu-tools-for-stm32.11.3.rel1.macos64_1.1.100.202310310803/tools/bin/../lib/gcc/arm-none-eabi/11.3.1/../../../../arm-none-eabi/lib/thumb/v7e-m+fp/hard/libc_nano.a(libc_a-nano-vfprintf.o)
                0x000000000800579c                _vfiprintf_r
                0x000000000800579c                _vfprintf_r
 .text._raise_r
                0x00000000080059d0       0x50 /Applications/STM32CubeIDE.app/Contents/Eclipse/plugins/com.st.stm32cube.ide.mcu.externaltools.gnu-tools-for-stm32.11.3.rel1.macos64_1.1.100.202310310803/tools/bin/../lib/gcc/arm-none-eabi/11.3.1/../../../../arm-none-eabi/lib/thumb/v7e-m+fp/hard/libc_nano.a(libc_a-signal.o)
                0x00000000080059d0                _raise_r
 .text.raise    0x0000000008005a20       0x10 /Applications/STM32CubeIDE.app/Contents/Eclipse/plugins/com.st.stm32cube.ide.mcu.externaltools.gnu-tools-for-stm32.11.3.rel1.macos64_1.1.100.202310310803/tools/bin/../lib/gcc/arm-none-eabi/11.3.1/../../../../arm-none-eabi/lib/thumb/v7e-m+fp/hard/libc_nano.a(libc_a-signal.o)
                0x0000000008005a20                raise
 .text._kill_r  0x0000000008005a30       0x24 /Applications/STM32CubeIDE.app/Contents/Eclipse/plugins/com.st.stm32cube.ide.mcu.externaltools.gnu-tools-for-stm32.11.3.rel1.macos64_1.1.100.202310310803/tools/bin/../lib/gcc/arm-none-eabi/11.3.1/../../../../arm-none-eabi/lib/thumb/v7e-m+fp/hard/libc_nano.a(libc_a-signalr.o)
                0x0000000008005a30                _kill_r
 .text._getpid_r
                0x0000000008005a54        0x4 /Applications/STM32CubeIDE.app/Contents/Eclipse/plugins/com.st.stm32cube.ide.mcu.externaltools.gnu-tools-for-stm32.11.3.rel1.macos64_1.1.100.202310310803/tools/bin/../lib/gcc/arm-none-eabi/11.3.1/../../../../arm-none-eabi/lib/thumb/v7e-m+fp/hard/libc_nano.a(libc_a-signalr.o)
                0x0000000008005a54                _getpid_r
 *(.glue_7)
 .glue_7        0x0000000008005a58        0x0 linker stubs
 *(.glue_7t)
 .glue_7t       0x0000000008005a58        0x0 linker stubs
 *(.eh_frame)
 .eh_frame      0x0000000008005a58        0x0 /Applications/STM32CubeIDE.app/Contents/Eclipse/plugins/com.st.stm32cube.ide.mcu.externaltools.gnu-tools-for-stm32.11.3.rel1.macos64_1.1.100.202310310803/tools/bin/../lib/gcc/arm-none-eabi/11.3.1/thumb/v7e-m+fp/hard/crtbegin.o
 *(.init)
 .init          0x0000000008005a58        0x4 /Applications/STM32CubeIDE.app/Contents/Eclipse/plugins/com.st.stm32cube.ide.mcu.externaltools.gnu-tools-for-stm32.11.3.rel1.macos64_1.1.100.202310310803/tools/bin/../lib/gcc/arm-none-eabi/11.3.1/thumb/v7e-m+fp/hard/crti.o
                0x0000000008005a58                _init
 .init          0x0000000008005a5c        0x8 /Applications/STM32CubeIDE.app/Contents/Eclipse/plugins/com.st.stm32cube.ide.mcu.externaltools.gnu-tools-for-stm32.11.3.rel1.macos64_1.1.100.202310310803/tools/bin/../lib/gcc/arm-none-eabi/11.3.1/thumb/v7e-m+fp/hard/crtn.o
 *(.fini)
 .fini          0x0000000008005a64        0x4 /Applications/STM32CubeIDE.app/Contents/Eclipse/plugins/com.st.stm32cube.ide.mcu.externaltools.gnu-tools-for-stm32.11.3.rel1.macos64_1.1.100.202310310803/tools/bin/../lib/gcc/arm-none-eabi/11.3.1/thumb/v7e-m+fp/hard/crti.o
                0x0000000008005a64                _fini
 .fini          0x0000000008005a68        0x8 /Applications/STM32CubeIDE.app/Contents/Eclipse/plugins/com.st.stm32cube.ide.mcu.externaltools.gnu-tools-for-stm32.11.3.rel1.macos64_1.1.100.202310310803/tools/bin/../lib/gcc/arm-none-eabi/11.3.1/thumb/v7e-m+fp/hard/crtn.o
                0x0000000008005a70                . = ALIGN (0x4)
                0x0000000008005a70                _etext = .

.vfp11_veneer   0x0000000008005a70        0x0
 .vfp11_veneer  0x0000000008005a70        0x0 linker stubs

.v4_bx          0x0000000008005a70        0x0
 .v4_bx         0x0000000008005a70        0x0 linker stubs

.iplt           0x0000000008005a70        0x0
 .iplt          0x0000000008005a70        0x0 /Applications/STM32CubeIDE.app/Contents/Eclipse/plugins/com.st.stm32cube.ide.mcu.externaltools.gnu-tools-for-stm32.11.3.rel1.macos64_1.1.100.202310310803/tools/bin/../lib/gcc/arm-none-eabi/11.3.1/thumb/v7e-m+fp/hard/crtbegin.o

.rodata         0x0000000008005a70      0x4f4
                0x0000000008005a70                . = ALIGN (0x4)
 *(.rodata)
 .rodata        0x0000000008005a70       0x3a ./Core/Src/project/handle_functions.o
 *fill*         0x0000000008005aaa        0x2 
 .rodata        0x0000000008005aac       0x24 ./Core/Src/project/manual.o
 .rodata        0x0000000008005ad0        0x5 ./Core/Src/project/midi.o
 *fill*         0x0000000008005ad5        0x3 
 .rodata        0x0000000008005ad8       0xe8 ./Core/Src/project/project.o
 .rodata        0x0000000008005bc0       0x31 ./Core/Src/project/read_track.o
 *(.rodata*)
 .rodata._printf_float.str1.1
                0x0000000008005bf1       0x12 /Applications/STM32CubeIDE.app/Contents/Eclipse/plugins/com.st.stm32cube.ide.mcu.externaltools.gnu-tools-for-stm32.11.3.rel1.macos64_1.1.100.202310310803/tools/bin/../lib/gcc/arm-none-eabi/11.3.1/../../../../arm-none-eabi/lib/thumb/v7e-m+fp/hard/libc_nano.a(libc_a-nano-vfprintf_float.o)
 .rodata._printf_i.str1.1
                0x0000000008005c03       0x22 /Applications/STM32CubeIDE.app/Contents/Eclipse/plugins/com.st.stm32cube.ide.mcu.externaltools.gnu-tools-for-stm32.11.3.rel1.macos64_1.1.100.202310310803/tools/bin/../lib/gcc/arm-none-eabi/11.3.1/../../../../arm-none-eabi/lib/thumb/v7e-m+fp/hard/libc_nano.a(libc_a-nano-vfprintf_i.o)
 .rodata._dtoa_r.str1.1
                0x0000000008005c25       0x8d /Applications/STM32CubeIDE.app/Contents/Eclipse/plugins/com.st.stm32cube.ide.mcu.externaltools.gnu-tools-for-stm32.11.3.rel1.macos64_1.1.100.202310310803/tools/bin/../lib/gcc/arm-none-eabi/11.3.1/../../../../arm-none-eabi/lib/thumb/v7e-m+fp/hard/libc_nano.a(libc_a-dtoa.o)
                                         0x8f (size before relaxing)
 .rodata._svfprintf_r.str1.1
                0x0000000008005cb2       0x11 /Applications/STM32CubeIDE.app/Contents/Eclipse/plugins/com.st.stm32cube.ide.mcu.externaltools.gnu-tools-for-stm32.11.3.rel1.macos64_1.1.100.202310310803/tools/bin/../lib/gcc/arm-none-eabi/11.3.1/../../../../arm-none-eabi/lib/thumb/v7e-m+fp/hard/libc_nano.a(libc_a-nano-svfprintf.o)
 .rodata._Balloc.str1.1
                0x0000000008005cc3       0x59 /Applications/STM32CubeIDE.app/Contents/Eclipse/plugins/com.st.stm32cube.ide.mcu.externaltools.gnu-tools-for-stm32.11.3.rel1.macos64_1.1.100.202310310803/tools/bin/../lib/gcc/arm-none-eabi/11.3.1/../../../../arm-none-eabi/lib/thumb/v7e-m+fp/hard/libc_nano.a(libc_a-mprec.o)
                                         0x70 (size before relaxing)
 .rodata.__multadd.str1.1
                0x0000000008005d1c       0x11 /Applications/STM32CubeIDE.app/Contents/Eclipse/plugins/com.st.stm32cube.ide.mcu.externaltools.gnu-tools-for-stm32.11.3.rel1.macos64_1.1.100.202310310803/tools/bin/../lib/gcc/arm-none-eabi/11.3.1/../../../../arm-none-eabi/lib/thumb/v7e-m+fp/hard/libc_nano.a(libc_a-mprec.o)
 *fill*         0x0000000008005d1c        0x4 
 .rodata.__mprec_bigtens
                0x0000000008005d20       0x28 /Applications/STM32CubeIDE.app/Contents/Eclipse/plugins/com.st.stm32cube.ide.mcu.externaltools.gnu-tools-for-stm32.11.3.rel1.macos64_1.1.100.202310310803/tools/bin/../lib/gcc/arm-none-eabi/11.3.1/../../../../arm-none-eabi/lib/thumb/v7e-m+fp/hard/libc_nano.a(libc_a-mprec.o)
                0x0000000008005d20                __mprec_bigtens
 .rodata.__mprec_tens
                0x0000000008005d48       0xc8 /Applications/STM32CubeIDE.app/Contents/Eclipse/plugins/com.st.stm32cube.ide.mcu.externaltools.gnu-tools-for-stm32.11.3.rel1.macos64_1.1.100.202310310803/tools/bin/../lib/gcc/arm-none-eabi/11.3.1/../../../../arm-none-eabi/lib/thumb/v7e-m+fp/hard/libc_nano.a(libc_a-mprec.o)
                0x0000000008005d48                __mprec_tens
 .rodata.p05.0  0x0000000008005e10        0xc /Applications/STM32CubeIDE.app/Contents/Eclipse/plugins/com.st.stm32cube.ide.mcu.externaltools.gnu-tools-for-stm32.11.3.rel1.macos64_1.1.100.202310310803/tools/bin/../lib/gcc/arm-none-eabi/11.3.1/../../../../arm-none-eabi/lib/thumb/v7e-m+fp/hard/libc_nano.a(libc_a-mprec.o)
 .rodata._setlocale_r.str1.1
                0x0000000008005e1c        0x8 /Applications/STM32CubeIDE.app/Contents/Eclipse/plugins/com.st.stm32cube.ide.mcu.externaltools.gnu-tools-for-stm32.11.3.rel1.macos64_1.1.100.202310310803/tools/bin/../lib/gcc/arm-none-eabi/11.3.1/../../../../arm-none-eabi/lib/thumb/v7e-m+fp/hard/libc_nano.a(libc_a-locale.o)
                                          0x9 (size before relaxing)
 .rodata.str1.1
                0x0000000008005e24        0x2 /Applications/STM32CubeIDE.app/Contents/Eclipse/plugins/com.st.stm32cube.ide.mcu.externaltools.gnu-tools-for-stm32.11.3.rel1.macos64_1.1.100.202310310803/tools/bin/../lib/gcc/arm-none-eabi/11.3.1/../../../../arm-none-eabi/lib/thumb/v7e-m+fp/hard/libc_nano.a(libc_a-locale.o)
 .rodata._ctype_
                0x0000000008005e26      0x101 /Applications/STM32CubeIDE.app/Contents/Eclipse/plugins/com.st.stm32cube.ide.mcu.externaltools.gnu-tools-for-stm32.11.3.rel1.macos64_1.1.100.202310310803/tools/bin/../lib/gcc/arm-none-eabi/11.3.1/../../../../arm-none-eabi/lib/thumb/v7e-m+fp/hard/libc_nano.a(libc_a-ctype_.o)
                0x0000000008005e26                _ctype_
 .rodata.__assert_func.str1.1
                0x0000000008005f27       0x3c /Applications/STM32CubeIDE.app/Contents/Eclipse/plugins/com.st.stm32cube.ide.mcu.externaltools.gnu-tools-for-stm32.11.3.rel1.macos64_1.1.100.202310310803/tools/bin/../lib/gcc/arm-none-eabi/11.3.1/../../../../arm-none-eabi/lib/thumb/v7e-m+fp/hard/libc_nano.a(libc_a-assert.o)
                                         0x3d (size before relaxing)
 .rodata._vfprintf_r.str1.1
                0x0000000008005f63       0x11 /Applications/STM32CubeIDE.app/Contents/Eclipse/plugins/com.st.stm32cube.ide.mcu.externaltools.gnu-tools-for-stm32.11.3.rel1.macos64_1.1.100.202310310803/tools/bin/../lib/gcc/arm-none-eabi/11.3.1/../../../../arm-none-eabi/lib/thumb/v7e-m+fp/hard/libc_nano.a(libc_a-nano-vfprintf.o)
                0x0000000008005f74                . = ALIGN (0x4)
 *fill*         0x0000000008005f63        0x1 

.rel.dyn        0x0000000008005f64        0x0
 .rel.iplt      0x0000000008005f64        0x0 /Applications/STM32CubeIDE.app/Contents/Eclipse/plugins/com.st.stm32cube.ide.mcu.externaltools.gnu-tools-for-stm32.11.3.rel1.macos64_1.1.100.202310310803/tools/bin/../lib/gcc/arm-none-eabi/11.3.1/thumb/v7e-m+fp/hard/crtbegin.o

.ARM.extab      0x0000000008005f64        0x0
                0x0000000008005f64                . = ALIGN (0x4)
 *(.ARM.extab* .gnu.linkonce.armextab.*)
                0x0000000008005f64                . = ALIGN (0x4)

.ARM            0x0000000008005f64        0x0
                0x0000000008005f64                . = ALIGN (0x4)
                0x0000000008005f64                __exidx_start = .
 *(.ARM.exidx*)
                0x0000000008005f64                __exidx_end = .
                0x0000000008005f64                . = ALIGN (0x4)

.preinit_array  0x0000000008005f64        0x0
                0x0000000008005f64                . = ALIGN (0x4)
                0x0000000008005f64                PROVIDE (__preinit_array_start = .)
 *(.preinit_array*)
                0x0000000008005f64                PROVIDE (__preinit_array_end = .)
                0x0000000008005f64                . = ALIGN (0x4)

.init_array     0x0000000008005f64        0x4
                0x0000000008005f64                . = ALIGN (0x4)
                0x0000000008005f64                PROVIDE (__init_array_start = .)
 *(SORT_BY_NAME(.init_array.*))
 *(.init_array*)
 .init_array    0x0000000008005f64        0x4 /Applications/STM32CubeIDE.app/Contents/Eclipse/plugins/com.st.stm32cube.ide.mcu.externaltools.gnu-tools-for-stm32.11.3.rel1.macos64_1.1.100.202310310803/tools/bin/../lib/gcc/arm-none-eabi/11.3.1/thumb/v7e-m+fp/hard/crtbegin.o
                0x0000000008005f68                PROVIDE (__init_array_end = .)
                0x0000000008005f68                . = ALIGN (0x4)

.fini_array     0x0000000008005f68        0x4
                0x0000000008005f68                . = ALIGN (0x4)
                [!provide]                        PROVIDE (__fini_array_start = .)
 *(SORT_BY_NAME(.fini_array.*))
 *(.fini_array*)
 .fini_array    0x0000000008005f68        0x4 /Applications/STM32CubeIDE.app/Contents/Eclipse/plugins/com.st.stm32cube.ide.mcu.externaltools.gnu-tools-for-stm32.11.3.rel1.macos64_1.1.100.202310310803/tools/bin/../lib/gcc/arm-none-eabi/11.3.1/thumb/v7e-m+fp/hard/crtbegin.o
                [!provide]                        PROVIDE (__fini_array_end = .)
                0x0000000008005f6c                . = ALIGN (0x4)
                0x0000000008005f6c                _sidata = LOADADDR (.data)

.data           0x0000000020000000     0x7e9c load address 0x0000000008005f6c
                0x0000000020000000                . = ALIGN (0x4)
                0x0000000020000000                _sdata = .
 *(.data)
 *(.data*)
 .data.song0    0x0000000020000000      0x20f ./Core/Src/project/song.o
                0x0000000020000000                song0
 *fill*         0x000000002000020f        0x1 
 .data.song1    0x0000000020000210      0x26b ./Core/Src/project/song.o
                0x0000000020000210                song1
 *fill*         0x000000002000047b        0x1 
 .data.song2    0x000000002000047c      0x39f ./Core/Src/project/song.o
                0x000000002000047c                song2
 *fill*         0x000000002000081b        0x1 
 .data.song3    0x000000002000081c     0x21e0 ./Core/Src/project/song.o
                0x000000002000081c                song3
 .data.song4    0x00000000200029fc     0x50a7 ./Core/Src/project/song.o
                0x00000000200029fc                song4
 *fill*         0x0000000020007aa3        0x1 
 .data.songs    0x0000000020007aa4       0x28 ./Core/Src/project/song.o
                0x0000000020007aa4                songs
 .data.notes    0x0000000020007acc      0x200 ./Core/Src/project/tone.o
 .data.systick  0x0000000020007ccc        0x4 ./Core/Src/system/systick.o
 .data.uwTickFreq
                0x0000000020007cd0        0x1 ./Drivers/STM32L4xx_HAL_Driver/Src/stm32l4xx_hal.o
                0x0000000020007cd0                uwTickFreq
 *fill*         0x0000000020007cd1        0x3 
 .data.__sglue  0x0000000020007cd4        0xc /Applications/STM32CubeIDE.app/Contents/Eclipse/plugins/com.st.stm32cube.ide.mcu.externaltools.gnu-tools-for-stm32.11.3.rel1.macos64_1.1.100.202310310803/tools/bin/../lib/gcc/arm-none-eabi/11.3.1/../../../../arm-none-eabi/lib/thumb/v7e-m+fp/hard/libc_nano.a(libc_a-findfp.o)
                0x0000000020007cd4                __sglue
 .data._impure_data
                0x0000000020007ce0       0x4c /Applications/STM32CubeIDE.app/Contents/Eclipse/plugins/com.st.stm32cube.ide.mcu.externaltools.gnu-tools-for-stm32.11.3.rel1.macos64_1.1.100.202310310803/tools/bin/../lib/gcc/arm-none-eabi/11.3.1/../../../../arm-none-eabi/lib/thumb/v7e-m+fp/hard/libc_nano.a(libc_a-impure.o)
                0x0000000020007ce0                _impure_data
 .data._impure_ptr
                0x0000000020007d2c        0x4 /Applications/STM32CubeIDE.app/Contents/Eclipse/plugins/com.st.stm32cube.ide.mcu.externaltools.gnu-tools-for-stm32.11.3.rel1.macos64_1.1.100.202310310803/tools/bin/../lib/gcc/arm-none-eabi/11.3.1/../../../../arm-none-eabi/lib/thumb/v7e-m+fp/hard/libc_nano.a(libc_a-impure.o)
                0x0000000020007d2c                _impure_ptr
 .data.__global_locale
                0x0000000020007d30      0x16c /Applications/STM32CubeIDE.app/Contents/Eclipse/plugins/com.st.stm32cube.ide.mcu.externaltools.gnu-tools-for-stm32.11.3.rel1.macos64_1.1.100.202310310803/tools/bin/../lib/gcc/arm-none-eabi/11.3.1/../../../../arm-none-eabi/lib/thumb/v7e-m+fp/hard/libc_nano.a(libc_a-locale.o)
                0x0000000020007d30                __global_locale
 *(.RamFunc)
 *(.RamFunc*)
                0x0000000020007e9c                . = ALIGN (0x4)
                0x0000000020007e9c                _edata = .

.igot.plt       0x0000000020007e9c        0x0 load address 0x000000000800de08
 .igot.plt      0x0000000020007e9c        0x0 /Applications/STM32CubeIDE.app/Contents/Eclipse/plugins/com.st.stm32cube.ide.mcu.externaltools.gnu-tools-for-stm32.11.3.rel1.macos64_1.1.100.202310310803/tools/bin/../lib/gcc/arm-none-eabi/11.3.1/thumb/v7e-m+fp/hard/crtbegin.o
                0x0000000020007e9c                . = ALIGN (0x4)

.bss            0x0000000020007e9c     0x2d78 load address 0x000000000800de08
                0x0000000020007e9c                _sbss = .
                0x0000000020007e9c                __bss_start__ = _sbss
 *(.bss)
 .bss           0x0000000020007e9c       0x1c /Applications/STM32CubeIDE.app/Contents/Eclipse/plugins/com.st.stm32cube.ide.mcu.externaltools.gnu-tools-for-stm32.11.3.rel1.macos64_1.1.100.202310310803/tools/bin/../lib/gcc/arm-none-eabi/11.3.1/thumb/v7e-m+fp/hard/crtbegin.o
 *(.bss*)
 .bss.toggle    0x0000000020007eb8        0x4 ./Core/Src/devices/GPIO.o
                0x0000000020007eb8                toggle
 .bss.flag      0x0000000020007ebc        0x1 ./Core/Src/devices/GPIO.o
 *fill*         0x0000000020007ebd        0x3 
 .bss.last_press_time.1
                0x0000000020007ec0        0x4 ./Core/Src/devices/GPIO.o
 .bss.press_count.0
                0x0000000020007ec4        0x4 ./Core/Src/devices/GPIO.o
 .bss.hdac1     0x0000000020007ec8       0x14 ./Core/Src/devices/dac.o
                0x0000000020007ec8                hdac1
 .bss.parsingInProgress
                0x0000000020007edc        0x4 ./Core/Src/project/handle_functions.o
 .bss.is_paused
                0x0000000020007ee0        0x4 ./Core/Src/project/handle_functions.o
 .bss.the_song  0x0000000020007ee4        0x8 ./Core/Src/project/midi.o
                0x0000000020007ee4                the_song
 .bss.tones     0x0000000020007eec     0x2bc0 ./Core/Src/project/midi.o
                0x0000000020007eec                tones
 .bss.tones_index
                0x000000002000aaac        0x1 ./Core/Src/project/midi.o
                0x000000002000aaac                tones_index
 *fill*         0x000000002000aaad        0x3 
 .bss.tempo     0x000000002000aab0        0x4 ./Core/Src/project/read_track.o
                0x000000002000aab0                tempo
 .bss.division  0x000000002000aab4        0x2 ./Core/Src/project/read_track.o
                0x000000002000aab4                division
 *fill*         0x000000002000aab6        0x2 
 .bss.counter   0x000000002000aab8        0x4 ./Core/Src/project/tone.o
 .bss.__sbrk_heap_end
                0x000000002000aabc        0x4 ./Core/Src/system/sysmem.o
 .bss.counter   0x000000002000aac0        0x4 ./Core/Src/system/systick.o
 .bss.uwTick    0x000000002000aac4        0x4 ./Drivers/STM32L4xx_HAL_Driver/Src/stm32l4xx_hal.o
                0x000000002000aac4                uwTick
 .bss.__sf      0x000000002000aac8      0x138 /Applications/STM32CubeIDE.app/Contents/Eclipse/plugins/com.st.stm32cube.ide.mcu.externaltools.gnu-tools-for-stm32.11.3.rel1.macos64_1.1.100.202310310803/tools/bin/../lib/gcc/arm-none-eabi/11.3.1/../../../../arm-none-eabi/lib/thumb/v7e-m+fp/hard/libc_nano.a(libc_a-findfp.o)
                0x000000002000aac8                __sf
 .bss.__stdio_exit_handler
                0x000000002000ac00        0x4 /Applications/STM32CubeIDE.app/Contents/Eclipse/plugins/com.st.stm32cube.ide.mcu.externaltools.gnu-tools-for-stm32.11.3.rel1.macos64_1.1.100.202310310803/tools/bin/../lib/gcc/arm-none-eabi/11.3.1/../../../../arm-none-eabi/lib/thumb/v7e-m+fp/hard/libc_nano.a(libc_a-findfp.o)
                0x000000002000ac00                __stdio_exit_handler
 .bss.__lock___malloc_recursive_mutex
                0x000000002000ac04        0x1 /Applications/STM32CubeIDE.app/Contents/Eclipse/plugins/com.st.stm32cube.ide.mcu.externaltools.gnu-tools-for-stm32.11.3.rel1.macos64_1.1.100.202310310803/tools/bin/../lib/gcc/arm-none-eabi/11.3.1/../../../../arm-none-eabi/lib/thumb/v7e-m+fp/hard/libc_nano.a(libc_a-lock.o)
                0x000000002000ac04                __lock___malloc_recursive_mutex
 .bss.__lock___sfp_recursive_mutex
                0x000000002000ac05        0x1 /Applications/STM32CubeIDE.app/Contents/Eclipse/plugins/com.st.stm32cube.ide.mcu.externaltools.gnu-tools-for-stm32.11.3.rel1.macos64_1.1.100.202310310803/tools/bin/../lib/gcc/arm-none-eabi/11.3.1/../../../../arm-none-eabi/lib/thumb/v7e-m+fp/hard/libc_nano.a(libc_a-lock.o)
                0x000000002000ac05                __lock___sfp_recursive_mutex
 *fill*         0x000000002000ac06        0x2 
 .bss.__malloc_free_list
                0x000000002000ac08        0x4 /Applications/STM32CubeIDE.app/Contents/Eclipse/plugins/com.st.stm32cube.ide.mcu.externaltools.gnu-tools-for-stm32.11.3.rel1.macos64_1.1.100.202310310803/tools/bin/../lib/gcc/arm-none-eabi/11.3.1/../../../../arm-none-eabi/lib/thumb/v7e-m+fp/hard/libc_nano.a(libc_a-mallocr.o)
                0x000000002000ac08                __malloc_free_list
 .bss.__malloc_sbrk_start
                0x000000002000ac0c        0x4 /Applications/STM32CubeIDE.app/Contents/Eclipse/plugins/com.st.stm32cube.ide.mcu.externaltools.gnu-tools-for-stm32.11.3.rel1.macos64_1.1.100.202310310803/tools/bin/../lib/gcc/arm-none-eabi/11.3.1/../../../../arm-none-eabi/lib/thumb/v7e-m+fp/hard/libc_nano.a(libc_a-mallocr.o)
                0x000000002000ac0c                __malloc_sbrk_start
 .bss.errno     0x000000002000ac10        0x4 /Applications/STM32CubeIDE.app/Contents/Eclipse/plugins/com.st.stm32cube.ide.mcu.externaltools.gnu-tools-for-stm32.11.3.rel1.macos64_1.1.100.202310310803/tools/bin/../lib/gcc/arm-none-eabi/11.3.1/../../../../arm-none-eabi/lib/thumb/v7e-m+fp/hard/libc_nano.a(libc_a-reent.o)
                0x000000002000ac10                errno
 *(COMMON)
                0x000000002000ac14                . = ALIGN (0x4)
                0x000000002000ac14                _ebss = .
                0x000000002000ac14                __bss_end__ = _ebss

._user_heap_stack
                0x000000002000ac14      0x604 load address 0x000000000800de08
                0x000000002000ac18                . = ALIGN (0x8)
 *fill*         0x000000002000ac14        0x4 
                [!provide]                        PROVIDE (end = .)
                0x000000002000ac18                PROVIDE (_end = .)
                0x000000002000ae18                . = (. + _Min_Heap_Size)
 *fill*         0x000000002000ac18      0x200 
                0x000000002000b218                . = (. + _Min_Stack_Size)
 *fill*         0x000000002000ae18      0x400 
                0x000000002000b218                . = ALIGN (0x8)

/DISCARD/
 libc.a(*)
 libm.a(*)
 libgcc.a(*)

.ARM.attributes
                0x0000000000000000       0x30
 *(.ARM.attributes)
 .ARM.attributes
                0x0000000000000000       0x1e /Applications/STM32CubeIDE.app/Contents/Eclipse/plugins/com.st.stm32cube.ide.mcu.externaltools.gnu-tools-for-stm32.11.3.rel1.macos64_1.1.100.202310310803/tools/bin/../lib/gcc/arm-none-eabi/11.3.1/thumb/v7e-m+fp/hard/crti.o
 .ARM.attributes
                0x000000000000001e       0x34 /Applications/STM32CubeIDE.app/Contents/Eclipse/plugins/com.st.stm32cube.ide.mcu.externaltools.gnu-tools-for-stm32.11.3.rel1.macos64_1.1.100.202310310803/tools/bin/../lib/gcc/arm-none-eabi/11.3.1/thumb/v7e-m+fp/hard/crtbegin.o
 .ARM.attributes
                0x0000000000000052       0x34 ./Core/Src/devices/GPIO.o
 .ARM.attributes
                0x0000000000000086       0x34 ./Core/Src/devices/LED.o
 .ARM.attributes
                0x00000000000000ba       0x34 ./Core/Src/devices/UART.o
 .ARM.attributes
                0x00000000000000ee       0x34 ./Core/Src/devices/dac.o
 .ARM.attributes
                0x0000000000000122       0x34 ./Core/Src/hw/hw_1/printf.o
 .ARM.attributes
                0x0000000000000156       0x34 ./Core/Src/hw/hw_6/hw6.o
 .ARM.attributes
                0x000000000000018a       0x34 ./Core/Src/main.o
 .ARM.attributes
                0x00000000000001be       0x34 ./Core/Src/project/handle_functions.o
 .ARM.attributes
                0x00000000000001f2       0x34 ./Core/Src/project/manual.o
 .ARM.attributes
                0x0000000000000226       0x34 ./Core/Src/project/midi.o
 .ARM.attributes
                0x000000000000025a       0x34 ./Core/Src/project/project.o
 .ARM.attributes
                0x000000000000028e       0x34 ./Core/Src/project/read_track.o
 .ARM.attributes
                0x00000000000002c2       0x34 ./Core/Src/project/song.o
 .ARM.attributes
                0x00000000000002f6       0x34 ./Core/Src/project/tone.o
 .ARM.attributes
                0x000000000000032a       0x34 ./Core/Src/project/uint_converters.o
 .ARM.attributes
                0x000000000000035e       0x34 ./Core/Src/system/SysClock.o
 .ARM.attributes
                0x0000000000000392       0x34 ./Core/Src/system/error_handler.o
 .ARM.attributes
                0x00000000000003c6       0x34 ./Core/Src/system/syscalls.o
 .ARM.attributes
                0x00000000000003fa       0x34 ./Core/Src/system/sysmem.o
 .ARM.attributes
                0x000000000000042e       0x34 ./Core/Src/system/system_stm32l4xx.o
 .ARM.attributes
                0x0000000000000462       0x34 ./Core/Src/system/systick.o
 .ARM.attributes
                0x0000000000000496       0x21 ./Core/Startup/startup_stm32l476rgtx.o
 .ARM.attributes
                0x00000000000004b7       0x34 ./Drivers/STM32L4xx_HAL_Driver/Src/stm32l4xx_hal.o
 .ARM.attributes
                0x00000000000004eb       0x34 ./Drivers/STM32L4xx_HAL_Driver/Src/stm32l4xx_hal_dac.o
 .ARM.attributes
                0x000000000000051f       0x34 ./Drivers/STM32L4xx_HAL_Driver/Src/stm32l4xx_hal_gpio.o
 .ARM.attributes
                0x0000000000000553       0x34 /Applications/STM32CubeIDE.app/Contents/Eclipse/plugins/com.st.stm32cube.ide.mcu.externaltools.gnu-tools-for-stm32.11.3.rel1.macos64_1.1.100.202310310803/tools/bin/../lib/gcc/arm-none-eabi/11.3.1/../../../../arm-none-eabi/lib/thumb/v7e-m+fp/hard/libc_nano.a(libc_a-nano-vfprintf_float.o)
 .ARM.attributes
                0x0000000000000587       0x34 /Applications/STM32CubeIDE.app/Contents/Eclipse/plugins/com.st.stm32cube.ide.mcu.externaltools.gnu-tools-for-stm32.11.3.rel1.macos64_1.1.100.202310310803/tools/bin/../lib/gcc/arm-none-eabi/11.3.1/../../../../arm-none-eabi/lib/thumb/v7e-m+fp/hard/libc_nano.a(libc_a-nano-vfprintf_i.o)
 .ARM.attributes
                0x00000000000005bb       0x34 /Applications/STM32CubeIDE.app/Contents/Eclipse/plugins/com.st.stm32cube.ide.mcu.externaltools.gnu-tools-for-stm32.11.3.rel1.macos64_1.1.100.202310310803/tools/bin/../lib/gcc/arm-none-eabi/11.3.1/../../../../arm-none-eabi/lib/thumb/v7e-m+fp/hard/libc_nano.a(libc_a-findfp.o)
 .ARM.attributes
                0x00000000000005ef       0x34 /Applications/STM32CubeIDE.app/Contents/Eclipse/plugins/com.st.stm32cube.ide.mcu.externaltools.gnu-tools-for-stm32.11.3.rel1.macos64_1.1.100.202310310803/tools/bin/../lib/gcc/arm-none-eabi/11.3.1/../../../../arm-none-eabi/lib/thumb/v7e-m+fp/hard/libc_nano.a(libc_a-fwalk.o)
 .ARM.attributes
                0x0000000000000623       0x34 /Applications/STM32CubeIDE.app/Contents/Eclipse/plugins/com.st.stm32cube.ide.mcu.externaltools.gnu-tools-for-stm32.11.3.rel1.macos64_1.1.100.202310310803/tools/bin/../lib/gcc/arm-none-eabi/11.3.1/../../../../arm-none-eabi/lib/thumb/v7e-m+fp/hard/libc_nano.a(libc_a-vsprintf.o)
 .ARM.attributes
                0x0000000000000657       0x34 /Applications/STM32CubeIDE.app/Contents/Eclipse/plugins/com.st.stm32cube.ide.mcu.externaltools.gnu-tools-for-stm32.11.3.rel1.macos64_1.1.100.202310310803/tools/bin/../lib/gcc/arm-none-eabi/11.3.1/../../../../arm-none-eabi/lib/thumb/v7e-m+fp/hard/libc_nano.a(libc_a-putchar.o)
 .ARM.attributes
                0x000000000000068b       0x34 /Applications/STM32CubeIDE.app/Contents/Eclipse/plugins/com.st.stm32cube.ide.mcu.externaltools.gnu-tools-for-stm32.11.3.rel1.macos64_1.1.100.202310310803/tools/bin/../lib/gcc/arm-none-eabi/11.3.1/../../../../arm-none-eabi/lib/thumb/v7e-m+fp/hard/libc_nano.a(libc_a-strncpy.o)
 .ARM.attributes
                0x00000000000006bf       0x34 /Applications/STM32CubeIDE.app/Contents/Eclipse/plugins/com.st.stm32cube.ide.mcu.externaltools.gnu-tools-for-stm32.11.3.rel1.macos64_1.1.100.202310310803/tools/bin/../lib/gcc/arm-none-eabi/11.3.1/../../../../arm-none-eabi/lib/thumb/v7e-m+fp/hard/libc_nano.a(libc_a-memset.o)
 .ARM.attributes
                0x00000000000006f3       0x34 /Applications/STM32CubeIDE.app/Contents/Eclipse/plugins/com.st.stm32cube.ide.mcu.externaltools.gnu-tools-for-stm32.11.3.rel1.macos64_1.1.100.202310310803/tools/bin/../lib/gcc/arm-none-eabi/11.3.1/../../../../arm-none-eabi/lib/thumb/v7e-m+fp/hard/libc_nano.a(libc_a-localeconv.o)
 .ARM.attributes
                0x0000000000000727       0x34 /Applications/STM32CubeIDE.app/Contents/Eclipse/plugins/com.st.stm32cube.ide.mcu.externaltools.gnu-tools-for-stm32.11.3.rel1.macos64_1.1.100.202310310803/tools/bin/../lib/gcc/arm-none-eabi/11.3.1/../../../../arm-none-eabi/lib/thumb/v7e-m+fp/hard/libc_nano.a(libc_a-impure.o)
 .ARM.attributes
                0x000000000000075b       0x34 /Applications/STM32CubeIDE.app/Contents/Eclipse/plugins/com.st.stm32cube.ide.mcu.externaltools.gnu-tools-for-stm32.11.3.rel1.macos64_1.1.100.202310310803/tools/bin/../lib/gcc/arm-none-eabi/11.3.1/../../../../arm-none-eabi/lib/thumb/v7e-m+fp/hard/libc_nano.a(libc_a-errno.o)
 .ARM.attributes
                0x000000000000078f       0x34 /Applications/STM32CubeIDE.app/Contents/Eclipse/plugins/com.st.stm32cube.ide.mcu.externaltools.gnu-tools-for-stm32.11.3.rel1.macos64_1.1.100.202310310803/tools/bin/../lib/gcc/arm-none-eabi/11.3.1/../../../../arm-none-eabi/lib/thumb/v7e-m+fp/hard/libc_nano.a(libc_a-init.o)
 .ARM.attributes
                0x00000000000007c3       0x34 /Applications/STM32CubeIDE.app/Contents/Eclipse/plugins/com.st.stm32cube.ide.mcu.externaltools.gnu-tools-for-stm32.11.3.rel1.macos64_1.1.100.202310310803/tools/bin/../lib/gcc/arm-none-eabi/11.3.1/../../../../arm-none-eabi/lib/thumb/v7e-m+fp/hard/libc_nano.a(libc_a-lock.o)
 .ARM.attributes
                0x00000000000007f7       0x1c /Applications/STM32CubeIDE.app/Contents/Eclipse/plugins/com.st.stm32cube.ide.mcu.externaltools.gnu-tools-for-stm32.11.3.rel1.macos64_1.1.100.202310310803/tools/bin/../lib/gcc/arm-none-eabi/11.3.1/../../../../arm-none-eabi/lib/thumb/v7e-m+fp/hard/libc_nano.a(libc_a-memchr.o)
 .ARM.attributes
                0x0000000000000813       0x34 /Applications/STM32CubeIDE.app/Contents/Eclipse/plugins/com.st.stm32cube.ide.mcu.externaltools.gnu-tools-for-stm32.11.3.rel1.macos64_1.1.100.202310310803/tools/bin/../lib/gcc/arm-none-eabi/11.3.1/../../../../arm-none-eabi/lib/thumb/v7e-m+fp/hard/libc_nano.a(libc_a-memcpy-stub.o)
 .ARM.attributes
                0x0000000000000847       0x17 /Applications/STM32CubeIDE.app/Contents/Eclipse/plugins/com.st.stm32cube.ide.mcu.externaltools.gnu-tools-for-stm32.11.3.rel1.macos64_1.1.100.202310310803/tools/bin/../lib/gcc/arm-none-eabi/11.3.1/../../../../arm-none-eabi/lib/thumb/v7e-m+fp/hard/libc_nano.a(libc_a-strlen.o)
 .ARM.attributes
                0x000000000000085e       0x1c /Applications/STM32CubeIDE.app/Contents/Eclipse/plugins/com.st.stm32cube.ide.mcu.externaltools.gnu-tools-for-stm32.11.3.rel1.macos64_1.1.100.202310310803/tools/bin/../lib/gcc/arm-none-eabi/11.3.1/../../../../arm-none-eabi/lib/thumb/v7e-m+fp/hard/libc_nano.a(libc_a-strcmp.o)
 .ARM.attributes
                0x000000000000087a       0x34 /Applications/STM32CubeIDE.app/Contents/Eclipse/plugins/com.st.stm32cube.ide.mcu.externaltools.gnu-tools-for-stm32.11.3.rel1.macos64_1.1.100.202310310803/tools/bin/../lib/gcc/arm-none-eabi/11.3.1/../../../../arm-none-eabi/lib/thumb/v7e-m+fp/hard/libc_nano.a(libc_a-dtoa.o)
 .ARM.attributes
                0x00000000000008ae       0x34 /Applications/STM32CubeIDE.app/Contents/Eclipse/plugins/com.st.stm32cube.ide.mcu.externaltools.gnu-tools-for-stm32.11.3.rel1.macos64_1.1.100.202310310803/tools/bin/../lib/gcc/arm-none-eabi/11.3.1/../../../../arm-none-eabi/lib/thumb/v7e-m+fp/hard/libc_nano.a(libc_a-nano-svfprintf.o)
 .ARM.attributes